Archive member included to satisfy reference by file (symbol)

C:/xpack/xpack-arm-none-eabi-gcc-14.2.1-1.1/bin/../lib/gcc/arm-none-eabi/14.2.1/thumb/v6-m/nofp\libgcc.a(_udivsi3.o)
                              ./Debug/.obj/__/Src/main.o (__aeabi_uidiv)
C:/xpack/xpack-arm-none-eabi-gcc-14.2.1-1.1/bin/../lib/gcc/arm-none-eabi/14.2.1/thumb/v6-m/nofp\libgcc.a(_dvmd_tls.o)
                              C:/xpack/xpack-arm-none-eabi-gcc-14.2.1-1.1/bin/../lib/gcc/arm-none-eabi/14.2.1/thumb/v6-m/nofp\libgcc.a(_udivsi3.o) (__aeabi_idiv0)
C:/xpack/xpack-arm-none-eabi-gcc-14.2.1-1.1/bin/../lib/gcc/arm-none-eabi/14.2.1/../../../../arm-none-eabi/lib/thumb/v6-m/nofp\libc_nano.a(libc_a-atexit.o)
                              C:/xpack/xpack-arm-none-eabi-gcc-14.2.1-1.1/bin/../lib/gcc/arm-none-eabi/14.2.1/../../../../arm-none-eabi/lib/thumb/v6-m/nofp/crt0.o (atexit)
C:/xpack/xpack-arm-none-eabi-gcc-14.2.1-1.1/bin/../lib/gcc/arm-none-eabi/14.2.1/../../../../arm-none-eabi/lib/thumb/v6-m/nofp\libc_nano.a(libc_a-exit.o)
                              C:/xpack/xpack-arm-none-eabi-gcc-14.2.1-1.1/bin/../lib/gcc/arm-none-eabi/14.2.1/../../../../arm-none-eabi/lib/thumb/v6-m/nofp/crt0.o (exit)
C:/xpack/xpack-arm-none-eabi-gcc-14.2.1-1.1/bin/../lib/gcc/arm-none-eabi/14.2.1/../../../../arm-none-eabi/lib/thumb/v6-m/nofp\libc_nano.a(libc_a-findfp.o)
                              C:/xpack/xpack-arm-none-eabi-gcc-14.2.1-1.1/bin/../lib/gcc/arm-none-eabi/14.2.1/../../../../arm-none-eabi/lib/thumb/v6-m/nofp\libc_nano.a(libc_a-exit.o) (__stdio_exit_handler)
C:/xpack/xpack-arm-none-eabi-gcc-14.2.1-1.1/bin/../lib/gcc/arm-none-eabi/14.2.1/../../../../arm-none-eabi/lib/thumb/v6-m/nofp\libc_nano.a(libc_a-fwalk.o)
                              C:/xpack/xpack-arm-none-eabi-gcc-14.2.1-1.1/bin/../lib/gcc/arm-none-eabi/14.2.1/../../../../arm-none-eabi/lib/thumb/v6-m/nofp\libc_nano.a(libc_a-findfp.o) (_fwalk_sglue)
C:/xpack/xpack-arm-none-eabi-gcc-14.2.1-1.1/bin/../lib/gcc/arm-none-eabi/14.2.1/../../../../arm-none-eabi/lib/thumb/v6-m/nofp\libc_nano.a(libc_a-stdio.o)
                              C:/xpack/xpack-arm-none-eabi-gcc-14.2.1-1.1/bin/../lib/gcc/arm-none-eabi/14.2.1/../../../../arm-none-eabi/lib/thumb/v6-m/nofp\libc_nano.a(libc_a-findfp.o) (__sread)
C:/xpack/xpack-arm-none-eabi-gcc-14.2.1-1.1/bin/../lib/gcc/arm-none-eabi/14.2.1/../../../../arm-none-eabi/lib/thumb/v6-m/nofp\libc_nano.a(libc_a-memset.o)
                              C:/xpack/xpack-arm-none-eabi-gcc-14.2.1-1.1/bin/../lib/gcc/arm-none-eabi/14.2.1/../../../../arm-none-eabi/lib/thumb/v6-m/nofp/crt0.o (memset)
C:/xpack/xpack-arm-none-eabi-gcc-14.2.1-1.1/bin/../lib/gcc/arm-none-eabi/14.2.1/../../../../arm-none-eabi/lib/thumb/v6-m/nofp\libc_nano.a(libc_a-closer.o)
                              C:/xpack/xpack-arm-none-eabi-gcc-14.2.1-1.1/bin/../lib/gcc/arm-none-eabi/14.2.1/../../../../arm-none-eabi/lib/thumb/v6-m/nofp\libc_nano.a(libc_a-stdio.o) (_close_r)
C:/xpack/xpack-arm-none-eabi-gcc-14.2.1-1.1/bin/../lib/gcc/arm-none-eabi/14.2.1/../../../../arm-none-eabi/lib/thumb/v6-m/nofp\libc_nano.a(libc_a-reent.o)
                              C:/xpack/xpack-arm-none-eabi-gcc-14.2.1-1.1/bin/../lib/gcc/arm-none-eabi/14.2.1/../../../../arm-none-eabi/lib/thumb/v6-m/nofp\libc_nano.a(libc_a-closer.o) (errno)
C:/xpack/xpack-arm-none-eabi-gcc-14.2.1-1.1/bin/../lib/gcc/arm-none-eabi/14.2.1/../../../../arm-none-eabi/lib/thumb/v6-m/nofp\libc_nano.a(libc_a-impure.o)
                              C:/xpack/xpack-arm-none-eabi-gcc-14.2.1-1.1/bin/../lib/gcc/arm-none-eabi/14.2.1/../../../../arm-none-eabi/lib/thumb/v6-m/nofp\libc_nano.a(libc_a-reent.o) (_impure_ptr)
C:/xpack/xpack-arm-none-eabi-gcc-14.2.1-1.1/bin/../lib/gcc/arm-none-eabi/14.2.1/../../../../arm-none-eabi/lib/thumb/v6-m/nofp\libc_nano.a(libc_a-lseekr.o)
                              C:/xpack/xpack-arm-none-eabi-gcc-14.2.1-1.1/bin/../lib/gcc/arm-none-eabi/14.2.1/../../../../arm-none-eabi/lib/thumb/v6-m/nofp\libc_nano.a(libc_a-stdio.o) (_lseek_r)
C:/xpack/xpack-arm-none-eabi-gcc-14.2.1-1.1/bin/../lib/gcc/arm-none-eabi/14.2.1/../../../../arm-none-eabi/lib/thumb/v6-m/nofp\libc_nano.a(libc_a-readr.o)
                              C:/xpack/xpack-arm-none-eabi-gcc-14.2.1-1.1/bin/../lib/gcc/arm-none-eabi/14.2.1/../../../../arm-none-eabi/lib/thumb/v6-m/nofp\libc_nano.a(libc_a-stdio.o) (_read_r)
C:/xpack/xpack-arm-none-eabi-gcc-14.2.1-1.1/bin/../lib/gcc/arm-none-eabi/14.2.1/../../../../arm-none-eabi/lib/thumb/v6-m/nofp\libc_nano.a(libc_a-writer.o)
                              C:/xpack/xpack-arm-none-eabi-gcc-14.2.1-1.1/bin/../lib/gcc/arm-none-eabi/14.2.1/../../../../arm-none-eabi/lib/thumb/v6-m/nofp\libc_nano.a(libc_a-stdio.o) (_write_r)
C:/xpack/xpack-arm-none-eabi-gcc-14.2.1-1.1/bin/../lib/gcc/arm-none-eabi/14.2.1/../../../../arm-none-eabi/lib/thumb/v6-m/nofp\libc_nano.a(libc_a-init.o)
                              C:/xpack/xpack-arm-none-eabi-gcc-14.2.1-1.1/bin/../lib/gcc/arm-none-eabi/14.2.1/../../../../arm-none-eabi/lib/thumb/v6-m/nofp/crt0.o (__libc_init_array)
C:/xpack/xpack-arm-none-eabi-gcc-14.2.1-1.1/bin/../lib/gcc/arm-none-eabi/14.2.1/../../../../arm-none-eabi/lib/thumb/v6-m/nofp\libc_nano.a(libc_a-fini.o)
                              C:/xpack/xpack-arm-none-eabi-gcc-14.2.1-1.1/bin/../lib/gcc/arm-none-eabi/14.2.1/../../../../arm-none-eabi/lib/thumb/v6-m/nofp/crt0.o (__libc_fini_array)
C:/xpack/xpack-arm-none-eabi-gcc-14.2.1-1.1/bin/../lib/gcc/arm-none-eabi/14.2.1/../../../../arm-none-eabi/lib/thumb/v6-m/nofp\libc_nano.a(libc_a-lock.o)
                              C:/xpack/xpack-arm-none-eabi-gcc-14.2.1-1.1/bin/../lib/gcc/arm-none-eabi/14.2.1/../../../../arm-none-eabi/lib/thumb/v6-m/nofp\libc_nano.a(libc_a-findfp.o) (__retarget_lock_init_recursive)
C:/xpack/xpack-arm-none-eabi-gcc-14.2.1-1.1/bin/../lib/gcc/arm-none-eabi/14.2.1/../../../../arm-none-eabi/lib/thumb/v6-m/nofp\libc_nano.a(libc_a-__atexit.o)
                              C:/xpack/xpack-arm-none-eabi-gcc-14.2.1-1.1/bin/../lib/gcc/arm-none-eabi/14.2.1/../../../../arm-none-eabi/lib/thumb/v6-m/nofp\libc_nano.a(libc_a-atexit.o) (__register_exitproc)
C:/xpack/xpack-arm-none-eabi-gcc-14.2.1-1.1/bin/../lib/gcc/arm-none-eabi/14.2.1/../../../../arm-none-eabi/lib/thumb/v6-m/nofp\libc_nano.a(libc_a-__call_atexit.o)
                              C:/xpack/xpack-arm-none-eabi-gcc-14.2.1-1.1/bin/../lib/gcc/arm-none-eabi/14.2.1/../../../../arm-none-eabi/lib/thumb/v6-m/nofp\libc_nano.a(libc_a-__atexit.o) (__call_exitprocs)
C:/xpack/xpack-arm-none-eabi-gcc-14.2.1-1.1/bin/../lib/gcc/arm-none-eabi/14.2.1/../../../../arm-none-eabi/lib/thumb/v6-m/nofp\libc_nano.a(libc_a-freer.o)
                              C:/xpack/xpack-arm-none-eabi-gcc-14.2.1-1.1/bin/../lib/gcc/arm-none-eabi/14.2.1/../../../../arm-none-eabi/lib/thumb/v6-m/nofp\libc_nano.a(libc_a-reent.o) (_free_r)
C:/xpack/xpack-arm-none-eabi-gcc-14.2.1-1.1/bin/../lib/gcc/arm-none-eabi/14.2.1/../../../../arm-none-eabi/lib/thumb/v6-m/nofp\libc_nano.a(libc_a-mallocr.o)
                              C:/xpack/xpack-arm-none-eabi-gcc-14.2.1-1.1/bin/../lib/gcc/arm-none-eabi/14.2.1/../../../../arm-none-eabi/lib/thumb/v6-m/nofp\libc_nano.a(libc_a-findfp.o) (_malloc_r)
C:/xpack/xpack-arm-none-eabi-gcc-14.2.1-1.1/bin/../lib/gcc/arm-none-eabi/14.2.1/../../../../arm-none-eabi/lib/thumb/v6-m/nofp\libc_nano.a(libc_a-mlock.o)
                              C:/xpack/xpack-arm-none-eabi-gcc-14.2.1-1.1/bin/../lib/gcc/arm-none-eabi/14.2.1/../../../../arm-none-eabi/lib/thumb/v6-m/nofp\libc_nano.a(libc_a-freer.o) (__malloc_lock)
C:/xpack/xpack-arm-none-eabi-gcc-14.2.1-1.1/bin/../lib/gcc/arm-none-eabi/14.2.1/../../../../arm-none-eabi/lib/thumb/v6-m/nofp\libc_nano.a(libc_a-fflush.o)
                              C:/xpack/xpack-arm-none-eabi-gcc-14.2.1-1.1/bin/../lib/gcc/arm-none-eabi/14.2.1/../../../../arm-none-eabi/lib/thumb/v6-m/nofp\libc_nano.a(libc_a-findfp.o) (_fflush_r)
C:/xpack/xpack-arm-none-eabi-gcc-14.2.1-1.1/bin/../lib/gcc/arm-none-eabi/14.2.1/../../../../arm-none-eabi/lib/thumb/v6-m/nofp\libc_nano.a(libc_a-sbrkr.o)
                              C:/xpack/xpack-arm-none-eabi-gcc-14.2.1-1.1/bin/../lib/gcc/arm-none-eabi/14.2.1/../../../../arm-none-eabi/lib/thumb/v6-m/nofp\libc_nano.a(libc_a-mallocr.o) (_sbrk_r)

Discarded input sections

 .text          0x00000000        0x0 C:/xpack/xpack-arm-none-eabi-gcc-14.2.1-1.1/bin/../lib/gcc/arm-none-eabi/14.2.1/thumb/v6-m/nofp/crti.o
 .data          0x00000000        0x0 C:/xpack/xpack-arm-none-eabi-gcc-14.2.1-1.1/bin/../lib/gcc/arm-none-eabi/14.2.1/thumb/v6-m/nofp/crti.o
 .bss           0x00000000        0x0 C:/xpack/xpack-arm-none-eabi-gcc-14.2.1-1.1/bin/../lib/gcc/arm-none-eabi/14.2.1/thumb/v6-m/nofp/crti.o
 .text          0x00000000        0x0 C:/xpack/xpack-arm-none-eabi-gcc-14.2.1-1.1/bin/../lib/gcc/arm-none-eabi/14.2.1/thumb/v6-m/nofp/crtbegin.o
 .data          0x00000000        0x0 C:/xpack/xpack-arm-none-eabi-gcc-14.2.1-1.1/bin/../lib/gcc/arm-none-eabi/14.2.1/thumb/v6-m/nofp/crtbegin.o
 .bss           0x00000000        0x0 C:/xpack/xpack-arm-none-eabi-gcc-14.2.1-1.1/bin/../lib/gcc/arm-none-eabi/14.2.1/thumb/v6-m/nofp/crtbegin.o
 .rodata.all_implied_fbits
                0x00000000       0x24 C:/xpack/xpack-arm-none-eabi-gcc-14.2.1-1.1/bin/../lib/gcc/arm-none-eabi/14.2.1/thumb/v6-m/nofp/crtbegin.o
 .data.__dso_handle
                0x00000000        0x4 C:/xpack/xpack-arm-none-eabi-gcc-14.2.1-1.1/bin/../lib/gcc/arm-none-eabi/14.2.1/thumb/v6-m/nofp/crtbegin.o
 .text          0x00000000       0x74 C:/xpack/xpack-arm-none-eabi-gcc-14.2.1-1.1/bin/../lib/gcc/arm-none-eabi/14.2.1/../../../../arm-none-eabi/lib/thumb/v6-m/nofp/crt0.o
 .data          0x00000000        0x0 C:/xpack/xpack-arm-none-eabi-gcc-14.2.1-1.1/bin/../lib/gcc/arm-none-eabi/14.2.1/../../../../arm-none-eabi/lib/thumb/v6-m/nofp/crt0.o
 .bss           0x00000000        0x0 C:/xpack/xpack-arm-none-eabi-gcc-14.2.1-1.1/bin/../lib/gcc/arm-none-eabi/14.2.1/../../../../arm-none-eabi/lib/thumb/v6-m/nofp/crt0.o
 .ARM.extab     0x00000000        0x0 C:/xpack/xpack-arm-none-eabi-gcc-14.2.1-1.1/bin/../lib/gcc/arm-none-eabi/14.2.1/../../../../arm-none-eabi/lib/thumb/v6-m/nofp/crt0.o
 .ARM.exidx     0x00000000       0x10 C:/xpack/xpack-arm-none-eabi-gcc-14.2.1-1.1/bin/../lib/gcc/arm-none-eabi/14.2.1/../../../../arm-none-eabi/lib/thumb/v6-m/nofp/crt0.o
 .ARM.attributes
                0x00000000       0x1b C:/xpack/xpack-arm-none-eabi-gcc-14.2.1-1.1/bin/../lib/gcc/arm-none-eabi/14.2.1/../../../../arm-none-eabi/lib/thumb/v6-m/nofp/crt0.o
 .text          0x00000000        0x0 ./Debug/.obj/__/Src/main.o
 .data          0x00000000        0x0 ./Debug/.obj/__/Src/main.o
 .bss           0x00000000        0x0 ./Debug/.obj/__/Src/main.o
 .text          0x00000000        0x0 ./Debug/.obj/__/Src/py32f0xx_it.o
 .data          0x00000000        0x0 ./Debug/.obj/__/Src/py32f0xx_it.o
 .bss           0x00000000        0x0 ./Debug/.obj/__/Src/py32f0xx_it.o
 .text          0x00000000       0x14 ./Debug/.obj/__/System/startup_py32f030xx.o
 .data          0x00000000        0x0 ./Debug/.obj/__/System/startup_py32f030xx.o
 .bss           0x00000000        0x0 ./Debug/.obj/__/System/startup_py32f030xx.o
 .text          0x00000000        0x0 ./Debug/.obj/__/System/system_py32f0xx.o
 .data          0x00000000        0x0 ./Debug/.obj/__/System/system_py32f0xx.o
 .bss           0x00000000        0x0 ./Debug/.obj/__/System/system_py32f0xx.o
 .text.SystemCoreClockUpdate
                0x00000000       0xa4 ./Debug/.obj/__/System/system_py32f0xx.o
 .rodata.HSIFreqTable
                0x00000000       0x20 ./Debug/.obj/__/System/system_py32f0xx.o
 .rodata.APBPrescTable
                0x00000000       0x20 ./Debug/.obj/__/System/system_py32f0xx.o
 .rodata.AHBPrescTable
                0x00000000       0x40 ./Debug/.obj/__/System/system_py32f0xx.o
 .data.SystemCoreClock
                0x00000000        0x4 ./Debug/.obj/__/System/system_py32f0xx.o
 .data          0x00000000        0x0 C:/xpack/xpack-arm-none-eabi-gcc-14.2.1-1.1/bin/../lib/gcc/arm-none-eabi/14.2.1/thumb/v6-m/nofp\libgcc.a(_udivsi3.o)
 .bss           0x00000000        0x0 C:/xpack/xpack-arm-none-eabi-gcc-14.2.1-1.1/bin/../lib/gcc/arm-none-eabi/14.2.1/thumb/v6-m/nofp\libgcc.a(_udivsi3.o)
 .data          0x00000000        0x0 C:/xpack/xpack-arm-none-eabi-gcc-14.2.1-1.1/bin/../lib/gcc/arm-none-eabi/14.2.1/thumb/v6-m/nofp\libgcc.a(_dvmd_tls.o)
 .bss           0x00000000        0x0 C:/xpack/xpack-arm-none-eabi-gcc-14.2.1-1.1/bin/../lib/gcc/arm-none-eabi/14.2.1/thumb/v6-m/nofp\libgcc.a(_dvmd_tls.o)
 .text          0x00000000        0x0 C:/xpack/xpack-arm-none-eabi-gcc-14.2.1-1.1/bin/../lib/gcc/arm-none-eabi/14.2.1/../../../../arm-none-eabi/lib/thumb/v6-m/nofp\libc_nano.a(libc_a-atexit.o)
 .data          0x00000000        0x0 C:/xpack/xpack-arm-none-eabi-gcc-14.2.1-1.1/bin/../lib/gcc/arm-none-eabi/14.2.1/../../../../arm-none-eabi/lib/thumb/v6-m/nofp\libc_nano.a(libc_a-atexit.o)
 .bss           0x00000000        0x0 C:/xpack/xpack-arm-none-eabi-gcc-14.2.1-1.1/bin/../lib/gcc/arm-none-eabi/14.2.1/../../../../arm-none-eabi/lib/thumb/v6-m/nofp\libc_nano.a(libc_a-atexit.o)
 .text.atexit   0x00000000       0x10 C:/xpack/xpack-arm-none-eabi-gcc-14.2.1-1.1/bin/../lib/gcc/arm-none-eabi/14.2.1/../../../../arm-none-eabi/lib/thumb/v6-m/nofp\libc_nano.a(libc_a-atexit.o)
 .comment       0x00000000       0x3a C:/xpack/xpack-arm-none-eabi-gcc-14.2.1-1.1/bin/../lib/gcc/arm-none-eabi/14.2.1/../../../../arm-none-eabi/lib/thumb/v6-m/nofp\libc_nano.a(libc_a-atexit.o)
 .ARM.attributes
                0x00000000       0x2c C:/xpack/xpack-arm-none-eabi-gcc-14.2.1-1.1/bin/../lib/gcc/arm-none-eabi/14.2.1/../../../../arm-none-eabi/lib/thumb/v6-m/nofp\libc_nano.a(libc_a-atexit.o)
 .text          0x00000000        0x0 C:/xpack/xpack-arm-none-eabi-gcc-14.2.1-1.1/bin/../lib/gcc/arm-none-eabi/14.2.1/../../../../arm-none-eabi/lib/thumb/v6-m/nofp\libc_nano.a(libc_a-exit.o)
 .data          0x00000000        0x0 C:/xpack/xpack-arm-none-eabi-gcc-14.2.1-1.1/bin/../lib/gcc/arm-none-eabi/14.2.1/../../../../arm-none-eabi/lib/thumb/v6-m/nofp\libc_nano.a(libc_a-exit.o)
 .bss           0x00000000        0x0 C:/xpack/xpack-arm-none-eabi-gcc-14.2.1-1.1/bin/../lib/gcc/arm-none-eabi/14.2.1/../../../../arm-none-eabi/lib/thumb/v6-m/nofp\libc_nano.a(libc_a-exit.o)
 .text.exit     0x00000000       0x28 C:/xpack/xpack-arm-none-eabi-gcc-14.2.1-1.1/bin/../lib/gcc/arm-none-eabi/14.2.1/../../../../arm-none-eabi/lib/thumb/v6-m/nofp\libc_nano.a(libc_a-exit.o)
 .comment       0x00000000       0x3a C:/xpack/xpack-arm-none-eabi-gcc-14.2.1-1.1/bin/../lib/gcc/arm-none-eabi/14.2.1/../../../../arm-none-eabi/lib/thumb/v6-m/nofp\libc_nano.a(libc_a-exit.o)
 .ARM.attributes
                0x00000000       0x2c C:/xpack/xpack-arm-none-eabi-gcc-14.2.1-1.1/bin/../lib/gcc/arm-none-eabi/14.2.1/../../../../arm-none-eabi/lib/thumb/v6-m/nofp\libc_nano.a(libc_a-exit.o)
 .text          0x00000000        0x0 C:/xpack/xpack-arm-none-eabi-gcc-14.2.1-1.1/bin/../lib/gcc/arm-none-eabi/14.2.1/../../../../arm-none-eabi/lib/thumb/v6-m/nofp\libc_nano.a(libc_a-findfp.o)
 .data          0x00000000        0x0 C:/xpack/xpack-arm-none-eabi-gcc-14.2.1-1.1/bin/../lib/gcc/arm-none-eabi/14.2.1/../../../../arm-none-eabi/lib/thumb/v6-m/nofp\libc_nano.a(libc_a-findfp.o)
 .bss           0x00000000        0x0 C:/xpack/xpack-arm-none-eabi-gcc-14.2.1-1.1/bin/../lib/gcc/arm-none-eabi/14.2.1/../../../../arm-none-eabi/lib/thumb/v6-m/nofp\libc_nano.a(libc_a-findfp.o)
 .text.std      0x00000000       0x6c C:/xpack/xpack-arm-none-eabi-gcc-14.2.1-1.1/bin/../lib/gcc/arm-none-eabi/14.2.1/../../../../arm-none-eabi/lib/thumb/v6-m/nofp\libc_nano.a(libc_a-findfp.o)
 .text.stdio_exit_handler
                0x00000000       0x1c C:/xpack/xpack-arm-none-eabi-gcc-14.2.1-1.1/bin/../lib/gcc/arm-none-eabi/14.2.1/../../../../arm-none-eabi/lib/thumb/v6-m/nofp\libc_nano.a(libc_a-findfp.o)
 .text.cleanup_stdio
                0x00000000       0x3c C:/xpack/xpack-arm-none-eabi-gcc-14.2.1-1.1/bin/../lib/gcc/arm-none-eabi/14.2.1/../../../../arm-none-eabi/lib/thumb/v6-m/nofp\libc_nano.a(libc_a-findfp.o)
 .text.__fp_lock
                0x00000000       0x18 C:/xpack/xpack-arm-none-eabi-gcc-14.2.1-1.1/bin/../lib/gcc/arm-none-eabi/14.2.1/../../../../arm-none-eabi/lib/thumb/v6-m/nofp\libc_nano.a(libc_a-findfp.o)
 .text.__fp_unlock
                0x00000000       0x18 C:/xpack/xpack-arm-none-eabi-gcc-14.2.1-1.1/bin/../lib/gcc/arm-none-eabi/14.2.1/../../../../arm-none-eabi/lib/thumb/v6-m/nofp\libc_nano.a(libc_a-findfp.o)
 .text.global_stdio_init.part.0
                0x00000000       0x3c C:/xpack/xpack-arm-none-eabi-gcc-14.2.1-1.1/bin/../lib/gcc/arm-none-eabi/14.2.1/../../../../arm-none-eabi/lib/thumb/v6-m/nofp\libc_nano.a(libc_a-findfp.o)
 .text.__sfp_lock_acquire
                0x00000000       0x10 C:/xpack/xpack-arm-none-eabi-gcc-14.2.1-1.1/bin/../lib/gcc/arm-none-eabi/14.2.1/../../../../arm-none-eabi/lib/thumb/v6-m/nofp\libc_nano.a(libc_a-findfp.o)
 .text.__sfp_lock_release
                0x00000000       0x10 C:/xpack/xpack-arm-none-eabi-gcc-14.2.1-1.1/bin/../lib/gcc/arm-none-eabi/14.2.1/../../../../arm-none-eabi/lib/thumb/v6-m/nofp\libc_nano.a(libc_a-findfp.o)
 .text.__sfp    0x00000000       0xa8 C:/xpack/xpack-arm-none-eabi-gcc-14.2.1-1.1/bin/../lib/gcc/arm-none-eabi/14.2.1/../../../../arm-none-eabi/lib/thumb/v6-m/nofp\libc_nano.a(libc_a-findfp.o)
 .text.__sinit  0x00000000       0x30 C:/xpack/xpack-arm-none-eabi-gcc-14.2.1-1.1/bin/../lib/gcc/arm-none-eabi/14.2.1/../../../../arm-none-eabi/lib/thumb/v6-m/nofp\libc_nano.a(libc_a-findfp.o)
 .text.__fp_lock_all
                0x00000000       0x1c C:/xpack/xpack-arm-none-eabi-gcc-14.2.1-1.1/bin/../lib/gcc/arm-none-eabi/14.2.1/../../../../arm-none-eabi/lib/thumb/v6-m/nofp\libc_nano.a(libc_a-findfp.o)
 .text.__fp_unlock_all
                0x00000000       0x1c C:/xpack/xpack-arm-none-eabi-gcc-14.2.1-1.1/bin/../lib/gcc/arm-none-eabi/14.2.1/../../../../arm-none-eabi/lib/thumb/v6-m/nofp\libc_nano.a(libc_a-findfp.o)
 .data.__sglue  0x00000000        0xc C:/xpack/xpack-arm-none-eabi-gcc-14.2.1-1.1/bin/../lib/gcc/arm-none-eabi/14.2.1/../../../../arm-none-eabi/lib/thumb/v6-m/nofp\libc_nano.a(libc_a-findfp.o)
 .bss.__sf      0x00000000      0x138 C:/xpack/xpack-arm-none-eabi-gcc-14.2.1-1.1/bin/../lib/gcc/arm-none-eabi/14.2.1/../../../../arm-none-eabi/lib/thumb/v6-m/nofp\libc_nano.a(libc_a-findfp.o)
 .bss.__stdio_exit_handler
                0x00000000        0x4 C:/xpack/xpack-arm-none-eabi-gcc-14.2.1-1.1/bin/../lib/gcc/arm-none-eabi/14.2.1/../../../../arm-none-eabi/lib/thumb/v6-m/nofp\libc_nano.a(libc_a-findfp.o)
 .comment       0x00000000       0x3a C:/xpack/xpack-arm-none-eabi-gcc-14.2.1-1.1/bin/../lib/gcc/arm-none-eabi/14.2.1/../../../../arm-none-eabi/lib/thumb/v6-m/nofp\libc_nano.a(libc_a-findfp.o)
 .ARM.attributes
                0x00000000       0x2c C:/xpack/xpack-arm-none-eabi-gcc-14.2.1-1.1/bin/../lib/gcc/arm-none-eabi/14.2.1/../../../../arm-none-eabi/lib/thumb/v6-m/nofp\libc_nano.a(libc_a-findfp.o)
 .text          0x00000000        0x0 C:/xpack/xpack-arm-none-eabi-gcc-14.2.1-1.1/bin/../lib/gcc/arm-none-eabi/14.2.1/../../../../arm-none-eabi/lib/thumb/v6-m/nofp\libc_nano.a(libc_a-fwalk.o)
 .data          0x00000000        0x0 C:/xpack/xpack-arm-none-eabi-gcc-14.2.1-1.1/bin/../lib/gcc/arm-none-eabi/14.2.1/../../../../arm-none-eabi/lib/thumb/v6-m/nofp\libc_nano.a(libc_a-fwalk.o)
 .bss           0x00000000        0x0 C:/xpack/xpack-arm-none-eabi-gcc-14.2.1-1.1/bin/../lib/gcc/arm-none-eabi/14.2.1/../../../../arm-none-eabi/lib/thumb/v6-m/nofp\libc_nano.a(libc_a-fwalk.o)
 .text._fwalk_sglue
                0x00000000       0x38 C:/xpack/xpack-arm-none-eabi-gcc-14.2.1-1.1/bin/../lib/gcc/arm-none-eabi/14.2.1/../../../../arm-none-eabi/lib/thumb/v6-m/nofp\libc_nano.a(libc_a-fwalk.o)
 .comment       0x00000000       0x3a C:/xpack/xpack-arm-none-eabi-gcc-14.2.1-1.1/bin/../lib/gcc/arm-none-eabi/14.2.1/../../../../arm-none-eabi/lib/thumb/v6-m/nofp\libc_nano.a(libc_a-fwalk.o)
 .ARM.attributes
                0x00000000       0x2c C:/xpack/xpack-arm-none-eabi-gcc-14.2.1-1.1/bin/../lib/gcc/arm-none-eabi/14.2.1/../../../../arm-none-eabi/lib/thumb/v6-m/nofp\libc_nano.a(libc_a-fwalk.o)
 .text          0x00000000        0x0 C:/xpack/xpack-arm-none-eabi-gcc-14.2.1-1.1/bin/../lib/gcc/arm-none-eabi/14.2.1/../../../../arm-none-eabi/lib/thumb/v6-m/nofp\libc_nano.a(libc_a-stdio.o)
 .data          0x00000000        0x0 C:/xpack/xpack-arm-none-eabi-gcc-14.2.1-1.1/bin/../lib/gcc/arm-none-eabi/14.2.1/../../../../arm-none-eabi/lib/thumb/v6-m/nofp\libc_nano.a(libc_a-stdio.o)
 .bss           0x00000000        0x0 C:/xpack/xpack-arm-none-eabi-gcc-14.2.1-1.1/bin/../lib/gcc/arm-none-eabi/14.2.1/../../../../arm-none-eabi/lib/thumb/v6-m/nofp\libc_nano.a(libc_a-stdio.o)
 .text.__sread  0x00000000       0x28 C:/xpack/xpack-arm-none-eabi-gcc-14.2.1-1.1/bin/../lib/gcc/arm-none-eabi/14.2.1/../../../../arm-none-eabi/lib/thumb/v6-m/nofp\libc_nano.a(libc_a-stdio.o)
 .text.__seofread
                0x00000000        0x4 C:/xpack/xpack-arm-none-eabi-gcc-14.2.1-1.1/bin/../lib/gcc/arm-none-eabi/14.2.1/../../../../arm-none-eabi/lib/thumb/v6-m/nofp\libc_nano.a(libc_a-stdio.o)
 .text.__swrite
                0x00000000       0x38 C:/xpack/xpack-arm-none-eabi-gcc-14.2.1-1.1/bin/../lib/gcc/arm-none-eabi/14.2.1/../../../../arm-none-eabi/lib/thumb/v6-m/nofp\libc_nano.a(libc_a-stdio.o)
 .text.__sseek  0x00000000       0x2c C:/xpack/xpack-arm-none-eabi-gcc-14.2.1-1.1/bin/../lib/gcc/arm-none-eabi/14.2.1/../../../../arm-none-eabi/lib/thumb/v6-m/nofp\libc_nano.a(libc_a-stdio.o)
 .text.__sclose
                0x00000000        0xc C:/xpack/xpack-arm-none-eabi-gcc-14.2.1-1.1/bin/../lib/gcc/arm-none-eabi/14.2.1/../../../../arm-none-eabi/lib/thumb/v6-m/nofp\libc_nano.a(libc_a-stdio.o)
 .comment       0x00000000       0x3a C:/xpack/xpack-arm-none-eabi-gcc-14.2.1-1.1/bin/../lib/gcc/arm-none-eabi/14.2.1/../../../../arm-none-eabi/lib/thumb/v6-m/nofp\libc_nano.a(libc_a-stdio.o)
 .ARM.attributes
                0x00000000       0x2c C:/xpack/xpack-arm-none-eabi-gcc-14.2.1-1.1/bin/../lib/gcc/arm-none-eabi/14.2.1/../../../../arm-none-eabi/lib/thumb/v6-m/nofp\libc_nano.a(libc_a-stdio.o)
 .text          0x00000000        0x0 C:/xpack/xpack-arm-none-eabi-gcc-14.2.1-1.1/bin/../lib/gcc/arm-none-eabi/14.2.1/../../../../arm-none-eabi/lib/thumb/v6-m/nofp\libc_nano.a(libc_a-memset.o)
 .data          0x00000000        0x0 C:/xpack/xpack-arm-none-eabi-gcc-14.2.1-1.1/bin/../lib/gcc/arm-none-eabi/14.2.1/../../../../arm-none-eabi/lib/thumb/v6-m/nofp\libc_nano.a(libc_a-memset.o)
 .bss           0x00000000        0x0 C:/xpack/xpack-arm-none-eabi-gcc-14.2.1-1.1/bin/../lib/gcc/arm-none-eabi/14.2.1/../../../../arm-none-eabi/lib/thumb/v6-m/nofp\libc_nano.a(libc_a-memset.o)
 .text.memset   0x00000000       0x10 C:/xpack/xpack-arm-none-eabi-gcc-14.2.1-1.1/bin/../lib/gcc/arm-none-eabi/14.2.1/../../../../arm-none-eabi/lib/thumb/v6-m/nofp\libc_nano.a(libc_a-memset.o)
 .comment       0x00000000       0x3a C:/xpack/xpack-arm-none-eabi-gcc-14.2.1-1.1/bin/../lib/gcc/arm-none-eabi/14.2.1/../../../../arm-none-eabi/lib/thumb/v6-m/nofp\libc_nano.a(libc_a-memset.o)
 .ARM.attributes
                0x00000000       0x2c C:/xpack/xpack-arm-none-eabi-gcc-14.2.1-1.1/bin/../lib/gcc/arm-none-eabi/14.2.1/../../../../arm-none-eabi/lib/thumb/v6-m/nofp\libc_nano.a(libc_a-memset.o)
 .text          0x00000000        0x0 C:/xpack/xpack-arm-none-eabi-gcc-14.2.1-1.1/bin/../lib/gcc/arm-none-eabi/14.2.1/../../../../arm-none-eabi/lib/thumb/v6-m/nofp\libc_nano.a(libc_a-closer.o)
 .data          0x00000000        0x0 C:/xpack/xpack-arm-none-eabi-gcc-14.2.1-1.1/bin/../lib/gcc/arm-none-eabi/14.2.1/../../../../arm-none-eabi/lib/thumb/v6-m/nofp\libc_nano.a(libc_a-closer.o)
 .bss           0x00000000        0x0 C:/xpack/xpack-arm-none-eabi-gcc-14.2.1-1.1/bin/../lib/gcc/arm-none-eabi/14.2.1/../../../../arm-none-eabi/lib/thumb/v6-m/nofp\libc_nano.a(libc_a-closer.o)
 .text._close_r
                0x00000000       0x24 C:/xpack/xpack-arm-none-eabi-gcc-14.2.1-1.1/bin/../lib/gcc/arm-none-eabi/14.2.1/../../../../arm-none-eabi/lib/thumb/v6-m/nofp\libc_nano.a(libc_a-closer.o)
 .comment       0x00000000       0x3a C:/xpack/xpack-arm-none-eabi-gcc-14.2.1-1.1/bin/../lib/gcc/arm-none-eabi/14.2.1/../../../../arm-none-eabi/lib/thumb/v6-m/nofp\libc_nano.a(libc_a-closer.o)
 .ARM.attributes
                0x00000000       0x2c C:/xpack/xpack-arm-none-eabi-gcc-14.2.1-1.1/bin/../lib/gcc/arm-none-eabi/14.2.1/../../../../arm-none-eabi/lib/thumb/v6-m/nofp\libc_nano.a(libc_a-closer.o)
 .text          0x00000000        0x0 C:/xpack/xpack-arm-none-eabi-gcc-14.2.1-1.1/bin/../lib/gcc/arm-none-eabi/14.2.1/../../../../arm-none-eabi/lib/thumb/v6-m/nofp\libc_nano.a(libc_a-reent.o)
 .data          0x00000000        0x0 C:/xpack/xpack-arm-none-eabi-gcc-14.2.1-1.1/bin/../lib/gcc/arm-none-eabi/14.2.1/../../../../arm-none-eabi/lib/thumb/v6-m/nofp\libc_nano.a(libc_a-reent.o)
 .bss           0x00000000        0x0 C:/xpack/xpack-arm-none-eabi-gcc-14.2.1-1.1/bin/../lib/gcc/arm-none-eabi/14.2.1/../../../../arm-none-eabi/lib/thumb/v6-m/nofp\libc_nano.a(libc_a-reent.o)
 .text._reclaim_reent
                0x00000000       0xd4 C:/xpack/xpack-arm-none-eabi-gcc-14.2.1-1.1/bin/../lib/gcc/arm-none-eabi/14.2.1/../../../../arm-none-eabi/lib/thumb/v6-m/nofp\libc_nano.a(libc_a-reent.o)
 .bss.errno     0x00000000        0x4 C:/xpack/xpack-arm-none-eabi-gcc-14.2.1-1.1/bin/../lib/gcc/arm-none-eabi/14.2.1/../../../../arm-none-eabi/lib/thumb/v6-m/nofp\libc_nano.a(libc_a-reent.o)
 .comment       0x00000000       0x3a C:/xpack/xpack-arm-none-eabi-gcc-14.2.1-1.1/bin/../lib/gcc/arm-none-eabi/14.2.1/../../../../arm-none-eabi/lib/thumb/v6-m/nofp\libc_nano.a(libc_a-reent.o)
 .ARM.attributes
                0x00000000       0x2c C:/xpack/xpack-arm-none-eabi-gcc-14.2.1-1.1/bin/../lib/gcc/arm-none-eabi/14.2.1/../../../../arm-none-eabi/lib/thumb/v6-m/nofp\libc_nano.a(libc_a-reent.o)
 .text          0x00000000        0x0 C:/xpack/xpack-arm-none-eabi-gcc-14.2.1-1.1/bin/../lib/gcc/arm-none-eabi/14.2.1/../../../../arm-none-eabi/lib/thumb/v6-m/nofp\libc_nano.a(libc_a-impure.o)
 .data          0x00000000        0x0 C:/xpack/xpack-arm-none-eabi-gcc-14.2.1-1.1/bin/../lib/gcc/arm-none-eabi/14.2.1/../../../../arm-none-eabi/lib/thumb/v6-m/nofp\libc_nano.a(libc_a-impure.o)
 .bss           0x00000000        0x0 C:/xpack/xpack-arm-none-eabi-gcc-14.2.1-1.1/bin/../lib/gcc/arm-none-eabi/14.2.1/../../../../arm-none-eabi/lib/thumb/v6-m/nofp\libc_nano.a(libc_a-impure.o)
 .data._impure_ptr
                0x00000000        0x4 C:/xpack/xpack-arm-none-eabi-gcc-14.2.1-1.1/bin/../lib/gcc/arm-none-eabi/14.2.1/../../../../arm-none-eabi/lib/thumb/v6-m/nofp\libc_nano.a(libc_a-impure.o)
 .data._impure_data
                0x00000000       0x4c C:/xpack/xpack-arm-none-eabi-gcc-14.2.1-1.1/bin/../lib/gcc/arm-none-eabi/14.2.1/../../../../arm-none-eabi/lib/thumb/v6-m/nofp\libc_nano.a(libc_a-impure.o)
 .comment       0x00000000       0x3a C:/xpack/xpack-arm-none-eabi-gcc-14.2.1-1.1/bin/../lib/gcc/arm-none-eabi/14.2.1/../../../../arm-none-eabi/lib/thumb/v6-m/nofp\libc_nano.a(libc_a-impure.o)
 .ARM.attributes
                0x00000000       0x2c C:/xpack/xpack-arm-none-eabi-gcc-14.2.1-1.1/bin/../lib/gcc/arm-none-eabi/14.2.1/../../../../arm-none-eabi/lib/thumb/v6-m/nofp\libc_nano.a(libc_a-impure.o)
 .text          0x00000000        0x0 C:/xpack/xpack-arm-none-eabi-gcc-14.2.1-1.1/bin/../lib/gcc/arm-none-eabi/14.2.1/../../../../arm-none-eabi/lib/thumb/v6-m/nofp\libc_nano.a(libc_a-lseekr.o)
 .data          0x00000000        0x0 C:/xpack/xpack-arm-none-eabi-gcc-14.2.1-1.1/bin/../lib/gcc/arm-none-eabi/14.2.1/../../../../arm-none-eabi/lib/thumb/v6-m/nofp\libc_nano.a(libc_a-lseekr.o)
 .bss           0x00000000        0x0 C:/xpack/xpack-arm-none-eabi-gcc-14.2.1-1.1/bin/../lib/gcc/arm-none-eabi/14.2.1/../../../../arm-none-eabi/lib/thumb/v6-m/nofp\libc_nano.a(libc_a-lseekr.o)
 .text._lseek_r
                0x00000000       0x28 C:/xpack/xpack-arm-none-eabi-gcc-14.2.1-1.1/bin/../lib/gcc/arm-none-eabi/14.2.1/../../../../arm-none-eabi/lib/thumb/v6-m/nofp\libc_nano.a(libc_a-lseekr.o)
 .comment       0x00000000       0x3a C:/xpack/xpack-arm-none-eabi-gcc-14.2.1-1.1/bin/../lib/gcc/arm-none-eabi/14.2.1/../../../../arm-none-eabi/lib/thumb/v6-m/nofp\libc_nano.a(libc_a-lseekr.o)
 .ARM.attributes
                0x00000000       0x2c C:/xpack/xpack-arm-none-eabi-gcc-14.2.1-1.1/bin/../lib/gcc/arm-none-eabi/14.2.1/../../../../arm-none-eabi/lib/thumb/v6-m/nofp\libc_nano.a(libc_a-lseekr.o)
 .text          0x00000000        0x0 C:/xpack/xpack-arm-none-eabi-gcc-14.2.1-1.1/bin/../lib/gcc/arm-none-eabi/14.2.1/../../../../arm-none-eabi/lib/thumb/v6-m/nofp\libc_nano.a(libc_a-readr.o)
 .data          0x00000000        0x0 C:/xpack/xpack-arm-none-eabi-gcc-14.2.1-1.1/bin/../lib/gcc/arm-none-eabi/14.2.1/../../../../arm-none-eabi/lib/thumb/v6-m/nofp\libc_nano.a(libc_a-readr.o)
 .bss           0x00000000        0x0 C:/xpack/xpack-arm-none-eabi-gcc-14.2.1-1.1/bin/../lib/gcc/arm-none-eabi/14.2.1/../../../../arm-none-eabi/lib/thumb/v6-m/nofp\libc_nano.a(libc_a-readr.o)
 .text._read_r  0x00000000       0x28 C:/xpack/xpack-arm-none-eabi-gcc-14.2.1-1.1/bin/../lib/gcc/arm-none-eabi/14.2.1/../../../../arm-none-eabi/lib/thumb/v6-m/nofp\libc_nano.a(libc_a-readr.o)
 .comment       0x00000000       0x3a C:/xpack/xpack-arm-none-eabi-gcc-14.2.1-1.1/bin/../lib/gcc/arm-none-eabi/14.2.1/../../../../arm-none-eabi/lib/thumb/v6-m/nofp\libc_nano.a(libc_a-readr.o)
 .ARM.attributes
                0x00000000       0x2c C:/xpack/xpack-arm-none-eabi-gcc-14.2.1-1.1/bin/../lib/gcc/arm-none-eabi/14.2.1/../../../../arm-none-eabi/lib/thumb/v6-m/nofp\libc_nano.a(libc_a-readr.o)
 .text          0x00000000        0x0 C:/xpack/xpack-arm-none-eabi-gcc-14.2.1-1.1/bin/../lib/gcc/arm-none-eabi/14.2.1/../../../../arm-none-eabi/lib/thumb/v6-m/nofp\libc_nano.a(libc_a-writer.o)
 .data          0x00000000        0x0 C:/xpack/xpack-arm-none-eabi-gcc-14.2.1-1.1/bin/../lib/gcc/arm-none-eabi/14.2.1/../../../../arm-none-eabi/lib/thumb/v6-m/nofp\libc_nano.a(libc_a-writer.o)
 .bss           0x00000000        0x0 C:/xpack/xpack-arm-none-eabi-gcc-14.2.1-1.1/bin/../lib/gcc/arm-none-eabi/14.2.1/../../../../arm-none-eabi/lib/thumb/v6-m/nofp\libc_nano.a(libc_a-writer.o)
 .text._write_r
                0x00000000       0x28 C:/xpack/xpack-arm-none-eabi-gcc-14.2.1-1.1/bin/../lib/gcc/arm-none-eabi/14.2.1/../../../../arm-none-eabi/lib/thumb/v6-m/nofp\libc_nano.a(libc_a-writer.o)
 .comment       0x00000000       0x3a C:/xpack/xpack-arm-none-eabi-gcc-14.2.1-1.1/bin/../lib/gcc/arm-none-eabi/14.2.1/../../../../arm-none-eabi/lib/thumb/v6-m/nofp\libc_nano.a(libc_a-writer.o)
 .ARM.attributes
                0x00000000       0x2c C:/xpack/xpack-arm-none-eabi-gcc-14.2.1-1.1/bin/../lib/gcc/arm-none-eabi/14.2.1/../../../../arm-none-eabi/lib/thumb/v6-m/nofp\libc_nano.a(libc_a-writer.o)
 .text          0x00000000        0x0 C:/xpack/xpack-arm-none-eabi-gcc-14.2.1-1.1/bin/../lib/gcc/arm-none-eabi/14.2.1/../../../../arm-none-eabi/lib/thumb/v6-m/nofp\libc_nano.a(libc_a-init.o)
 .data          0x00000000        0x0 C:/xpack/xpack-arm-none-eabi-gcc-14.2.1-1.1/bin/../lib/gcc/arm-none-eabi/14.2.1/../../../../arm-none-eabi/lib/thumb/v6-m/nofp\libc_nano.a(libc_a-init.o)
 .bss           0x00000000        0x0 C:/xpack/xpack-arm-none-eabi-gcc-14.2.1-1.1/bin/../lib/gcc/arm-none-eabi/14.2.1/../../../../arm-none-eabi/lib/thumb/v6-m/nofp\libc_nano.a(libc_a-init.o)
 .text          0x00000000        0x0 C:/xpack/xpack-arm-none-eabi-gcc-14.2.1-1.1/bin/../lib/gcc/arm-none-eabi/14.2.1/../../../../arm-none-eabi/lib/thumb/v6-m/nofp\libc_nano.a(libc_a-fini.o)
 .data          0x00000000        0x0 C:/xpack/xpack-arm-none-eabi-gcc-14.2.1-1.1/bin/../lib/gcc/arm-none-eabi/14.2.1/../../../../arm-none-eabi/lib/thumb/v6-m/nofp\libc_nano.a(libc_a-fini.o)
 .bss           0x00000000        0x0 C:/xpack/xpack-arm-none-eabi-gcc-14.2.1-1.1/bin/../lib/gcc/arm-none-eabi/14.2.1/../../../../arm-none-eabi/lib/thumb/v6-m/nofp\libc_nano.a(libc_a-fini.o)
 .text.__libc_fini_array
                0x00000000       0x28 C:/xpack/xpack-arm-none-eabi-gcc-14.2.1-1.1/bin/../lib/gcc/arm-none-eabi/14.2.1/../../../../arm-none-eabi/lib/thumb/v6-m/nofp\libc_nano.a(libc_a-fini.o)
 .comment       0x00000000       0x3a C:/xpack/xpack-arm-none-eabi-gcc-14.2.1-1.1/bin/../lib/gcc/arm-none-eabi/14.2.1/../../../../arm-none-eabi/lib/thumb/v6-m/nofp\libc_nano.a(libc_a-fini.o)
 .ARM.attributes
                0x00000000       0x2c C:/xpack/xpack-arm-none-eabi-gcc-14.2.1-1.1/bin/../lib/gcc/arm-none-eabi/14.2.1/../../../../arm-none-eabi/lib/thumb/v6-m/nofp\libc_nano.a(libc_a-fini.o)
 .text          0x00000000        0x0 C:/xpack/xpack-arm-none-eabi-gcc-14.2.1-1.1/bin/../lib/gcc/arm-none-eabi/14.2.1/../../../../arm-none-eabi/lib/thumb/v6-m/nofp\libc_nano.a(libc_a-lock.o)
 .data          0x00000000        0x0 C:/xpack/xpack-arm-none-eabi-gcc-14.2.1-1.1/bin/../lib/gcc/arm-none-eabi/14.2.1/../../../../arm-none-eabi/lib/thumb/v6-m/nofp\libc_nano.a(libc_a-lock.o)
 .bss           0x00000000        0x0 C:/xpack/xpack-arm-none-eabi-gcc-14.2.1-1.1/bin/../lib/gcc/arm-none-eabi/14.2.1/../../../../arm-none-eabi/lib/thumb/v6-m/nofp\libc_nano.a(libc_a-lock.o)
 .text.__retarget_lock_init
                0x00000000        0x2 C:/xpack/xpack-arm-none-eabi-gcc-14.2.1-1.1/bin/../lib/gcc/arm-none-eabi/14.2.1/../../../../arm-none-eabi/lib/thumb/v6-m/nofp\libc_nano.a(libc_a-lock.o)
 .text.__retarget_lock_init_recursive
                0x00000000        0x2 C:/xpack/xpack-arm-none-eabi-gcc-14.2.1-1.1/bin/../lib/gcc/arm-none-eabi/14.2.1/../../../../arm-none-eabi/lib/thumb/v6-m/nofp\libc_nano.a(libc_a-lock.o)
 .text.__retarget_lock_close
                0x00000000        0x2 C:/xpack/xpack-arm-none-eabi-gcc-14.2.1-1.1/bin/../lib/gcc/arm-none-eabi/14.2.1/../../../../arm-none-eabi/lib/thumb/v6-m/nofp\libc_nano.a(libc_a-lock.o)
 .text.__retarget_lock_close_recursive
                0x00000000        0x2 C:/xpack/xpack-arm-none-eabi-gcc-14.2.1-1.1/bin/../lib/gcc/arm-none-eabi/14.2.1/../../../../arm-none-eabi/lib/thumb/v6-m/nofp\libc_nano.a(libc_a-lock.o)
 .text.__retarget_lock_acquire
                0x00000000        0x2 C:/xpack/xpack-arm-none-eabi-gcc-14.2.1-1.1/bin/../lib/gcc/arm-none-eabi/14.2.1/../../../../arm-none-eabi/lib/thumb/v6-m/nofp\libc_nano.a(libc_a-lock.o)
 .text.__retarget_lock_acquire_recursive
                0x00000000        0x2 C:/xpack/xpack-arm-none-eabi-gcc-14.2.1-1.1/bin/../lib/gcc/arm-none-eabi/14.2.1/../../../../arm-none-eabi/lib/thumb/v6-m/nofp\libc_nano.a(libc_a-lock.o)
 .text.__retarget_lock_try_acquire
                0x00000000        0x4 C:/xpack/xpack-arm-none-eabi-gcc-14.2.1-1.1/bin/../lib/gcc/arm-none-eabi/14.2.1/../../../../arm-none-eabi/lib/thumb/v6-m/nofp\libc_nano.a(libc_a-lock.o)
 .text.__retarget_lock_try_acquire_recursive
                0x00000000        0x4 C:/xpack/xpack-arm-none-eabi-gcc-14.2.1-1.1/bin/../lib/gcc/arm-none-eabi/14.2.1/../../../../arm-none-eabi/lib/thumb/v6-m/nofp\libc_nano.a(libc_a-lock.o)
 .text.__retarget_lock_release
                0x00000000        0x2 C:/xpack/xpack-arm-none-eabi-gcc-14.2.1-1.1/bin/../lib/gcc/arm-none-eabi/14.2.1/../../../../arm-none-eabi/lib/thumb/v6-m/nofp\libc_nano.a(libc_a-lock.o)
 .text.__retarget_lock_release_recursive
                0x00000000        0x2 C:/xpack/xpack-arm-none-eabi-gcc-14.2.1-1.1/bin/../lib/gcc/arm-none-eabi/14.2.1/../../../../arm-none-eabi/lib/thumb/v6-m/nofp\libc_nano.a(libc_a-lock.o)
 .bss.__lock___arc4random_mutex
                0x00000000        0x1 C:/xpack/xpack-arm-none-eabi-gcc-14.2.1-1.1/bin/../lib/gcc/arm-none-eabi/14.2.1/../../../../arm-none-eabi/lib/thumb/v6-m/nofp\libc_nano.a(libc_a-lock.o)
 .bss.__lock___dd_hash_mutex
                0x00000000        0x1 C:/xpack/xpack-arm-none-eabi-gcc-14.2.1-1.1/bin/../lib/gcc/arm-none-eabi/14.2.1/../../../../arm-none-eabi/lib/thumb/v6-m/nofp\libc_nano.a(libc_a-lock.o)
 .bss.__lock___tz_mutex
                0x00000000        0x1 C:/xpack/xpack-arm-none-eabi-gcc-14.2.1-1.1/bin/../lib/gcc/arm-none-eabi/14.2.1/../../../../arm-none-eabi/lib/thumb/v6-m/nofp\libc_nano.a(libc_a-lock.o)
 .bss.__lock___env_recursive_mutex
                0x00000000        0x1 C:/xpack/xpack-arm-none-eabi-gcc-14.2.1-1.1/bin/../lib/gcc/arm-none-eabi/14.2.1/../../../../arm-none-eabi/lib/thumb/v6-m/nofp\libc_nano.a(libc_a-lock.o)
 .bss.__lock___malloc_recursive_mutex
                0x00000000        0x1 C:/xpack/xpack-arm-none-eabi-gcc-14.2.1-1.1/bin/../lib/gcc/arm-none-eabi/14.2.1/../../../../arm-none-eabi/lib/thumb/v6-m/nofp\libc_nano.a(libc_a-lock.o)
 .bss.__lock___at_quick_exit_mutex
                0x00000000        0x1 C:/xpack/xpack-arm-none-eabi-gcc-14.2.1-1.1/bin/../lib/gcc/arm-none-eabi/14.2.1/../../../../arm-none-eabi/lib/thumb/v6-m/nofp\libc_nano.a(libc_a-lock.o)
 .bss.__lock___atexit_recursive_mutex
                0x00000000        0x1 C:/xpack/xpack-arm-none-eabi-gcc-14.2.1-1.1/bin/../lib/gcc/arm-none-eabi/14.2.1/../../../../arm-none-eabi/lib/thumb/v6-m/nofp\libc_nano.a(libc_a-lock.o)
 .bss.__lock___sfp_recursive_mutex
                0x00000000        0x1 C:/xpack/xpack-arm-none-eabi-gcc-14.2.1-1.1/bin/../lib/gcc/arm-none-eabi/14.2.1/../../../../arm-none-eabi/lib/thumb/v6-m/nofp\libc_nano.a(libc_a-lock.o)
 .comment       0x00000000       0x3a C:/xpack/xpack-arm-none-eabi-gcc-14.2.1-1.1/bin/../lib/gcc/arm-none-eabi/14.2.1/../../../../arm-none-eabi/lib/thumb/v6-m/nofp\libc_nano.a(libc_a-lock.o)
 .ARM.attributes
                0x00000000       0x2c C:/xpack/xpack-arm-none-eabi-gcc-14.2.1-1.1/bin/../lib/gcc/arm-none-eabi/14.2.1/../../../../arm-none-eabi/lib/thumb/v6-m/nofp\libc_nano.a(libc_a-lock.o)
 .text          0x00000000        0x0 C:/xpack/xpack-arm-none-eabi-gcc-14.2.1-1.1/bin/../lib/gcc/arm-none-eabi/14.2.1/../../../../arm-none-eabi/lib/thumb/v6-m/nofp\libc_nano.a(libc_a-__atexit.o)
 .data          0x00000000        0x0 C:/xpack/xpack-arm-none-eabi-gcc-14.2.1-1.1/bin/../lib/gcc/arm-none-eabi/14.2.1/../../../../arm-none-eabi/lib/thumb/v6-m/nofp\libc_nano.a(libc_a-__atexit.o)
 .bss           0x00000000        0x0 C:/xpack/xpack-arm-none-eabi-gcc-14.2.1-1.1/bin/../lib/gcc/arm-none-eabi/14.2.1/../../../../arm-none-eabi/lib/thumb/v6-m/nofp\libc_nano.a(libc_a-__atexit.o)
 .text.__register_exitproc
                0x00000000       0xc0 C:/xpack/xpack-arm-none-eabi-gcc-14.2.1-1.1/bin/../lib/gcc/arm-none-eabi/14.2.1/../../../../arm-none-eabi/lib/thumb/v6-m/nofp\libc_nano.a(libc_a-__atexit.o)
 .bss.__atexit0
                0x00000000       0x8c C:/xpack/xpack-arm-none-eabi-gcc-14.2.1-1.1/bin/../lib/gcc/arm-none-eabi/14.2.1/../../../../arm-none-eabi/lib/thumb/v6-m/nofp\libc_nano.a(libc_a-__atexit.o)
 .data.__atexit_dummy
                0x00000000        0x4 C:/xpack/xpack-arm-none-eabi-gcc-14.2.1-1.1/bin/../lib/gcc/arm-none-eabi/14.2.1/../../../../arm-none-eabi/lib/thumb/v6-m/nofp\libc_nano.a(libc_a-__atexit.o)
 .comment       0x00000000       0x3a C:/xpack/xpack-arm-none-eabi-gcc-14.2.1-1.1/bin/../lib/gcc/arm-none-eabi/14.2.1/../../../../arm-none-eabi/lib/thumb/v6-m/nofp\libc_nano.a(libc_a-__atexit.o)
 .ARM.attributes
                0x00000000       0x2c C:/xpack/xpack-arm-none-eabi-gcc-14.2.1-1.1/bin/../lib/gcc/arm-none-eabi/14.2.1/../../../../arm-none-eabi/lib/thumb/v6-m/nofp\libc_nano.a(libc_a-__atexit.o)
 .text          0x00000000        0x0 C:/xpack/xpack-arm-none-eabi-gcc-14.2.1-1.1/bin/../lib/gcc/arm-none-eabi/14.2.1/../../../../arm-none-eabi/lib/thumb/v6-m/nofp\libc_nano.a(libc_a-__call_atexit.o)
 .data          0x00000000        0x0 C:/xpack/xpack-arm-none-eabi-gcc-14.2.1-1.1/bin/../lib/gcc/arm-none-eabi/14.2.1/../../../../arm-none-eabi/lib/thumb/v6-m/nofp\libc_nano.a(libc_a-__call_atexit.o)
 .bss           0x00000000        0x0 C:/xpack/xpack-arm-none-eabi-gcc-14.2.1-1.1/bin/../lib/gcc/arm-none-eabi/14.2.1/../../../../arm-none-eabi/lib/thumb/v6-m/nofp\libc_nano.a(libc_a-__call_atexit.o)
 .text.__call_exitprocs
                0x00000000       0xb4 C:/xpack/xpack-arm-none-eabi-gcc-14.2.1-1.1/bin/../lib/gcc/arm-none-eabi/14.2.1/../../../../arm-none-eabi/lib/thumb/v6-m/nofp\libc_nano.a(libc_a-__call_atexit.o)
 .bss.__atexit  0x00000000        0x4 C:/xpack/xpack-arm-none-eabi-gcc-14.2.1-1.1/bin/../lib/gcc/arm-none-eabi/14.2.1/../../../../arm-none-eabi/lib/thumb/v6-m/nofp\libc_nano.a(libc_a-__call_atexit.o)
 .data.__atexit_recursive_mutex
                0x00000000        0x4 C:/xpack/xpack-arm-none-eabi-gcc-14.2.1-1.1/bin/../lib/gcc/arm-none-eabi/14.2.1/../../../../arm-none-eabi/lib/thumb/v6-m/nofp\libc_nano.a(libc_a-__call_atexit.o)
 .comment       0x00000000       0x3a C:/xpack/xpack-arm-none-eabi-gcc-14.2.1-1.1/bin/../lib/gcc/arm-none-eabi/14.2.1/../../../../arm-none-eabi/lib/thumb/v6-m/nofp\libc_nano.a(libc_a-__call_atexit.o)
 .ARM.attributes
                0x00000000       0x2c C:/xpack/xpack-arm-none-eabi-gcc-14.2.1-1.1/bin/../lib/gcc/arm-none-eabi/14.2.1/../../../../arm-none-eabi/lib/thumb/v6-m/nofp\libc_nano.a(libc_a-__call_atexit.o)
 .text          0x00000000        0x0 C:/xpack/xpack-arm-none-eabi-gcc-14.2.1-1.1/bin/../lib/gcc/arm-none-eabi/14.2.1/../../../../arm-none-eabi/lib/thumb/v6-m/nofp\libc_nano.a(libc_a-freer.o)
 .data          0x00000000        0x0 C:/xpack/xpack-arm-none-eabi-gcc-14.2.1-1.1/bin/../lib/gcc/arm-none-eabi/14.2.1/../../../../arm-none-eabi/lib/thumb/v6-m/nofp\libc_nano.a(libc_a-freer.o)
 .bss           0x00000000        0x0 C:/xpack/xpack-arm-none-eabi-gcc-14.2.1-1.1/bin/../lib/gcc/arm-none-eabi/14.2.1/../../../../arm-none-eabi/lib/thumb/v6-m/nofp\libc_nano.a(libc_a-freer.o)
 .text._free_r  0x00000000       0x94 C:/xpack/xpack-arm-none-eabi-gcc-14.2.1-1.1/bin/../lib/gcc/arm-none-eabi/14.2.1/../../../../arm-none-eabi/lib/thumb/v6-m/nofp\libc_nano.a(libc_a-freer.o)
 .comment       0x00000000       0x3a C:/xpack/xpack-arm-none-eabi-gcc-14.2.1-1.1/bin/../lib/gcc/arm-none-eabi/14.2.1/../../../../arm-none-eabi/lib/thumb/v6-m/nofp\libc_nano.a(libc_a-freer.o)
 .ARM.attributes
                0x00000000       0x2c C:/xpack/xpack-arm-none-eabi-gcc-14.2.1-1.1/bin/../lib/gcc/arm-none-eabi/14.2.1/../../../../arm-none-eabi/lib/thumb/v6-m/nofp\libc_nano.a(libc_a-freer.o)
 .text          0x00000000        0x0 C:/xpack/xpack-arm-none-eabi-gcc-14.2.1-1.1/bin/../lib/gcc/arm-none-eabi/14.2.1/../../../../arm-none-eabi/lib/thumb/v6-m/nofp\libc_nano.a(libc_a-mallocr.o)
 .data          0x00000000        0x0 C:/xpack/xpack-arm-none-eabi-gcc-14.2.1-1.1/bin/../lib/gcc/arm-none-eabi/14.2.1/../../../../arm-none-eabi/lib/thumb/v6-m/nofp\libc_nano.a(libc_a-mallocr.o)
 .bss           0x00000000        0x0 C:/xpack/xpack-arm-none-eabi-gcc-14.2.1-1.1/bin/../lib/gcc/arm-none-eabi/14.2.1/../../../../arm-none-eabi/lib/thumb/v6-m/nofp\libc_nano.a(libc_a-mallocr.o)
 .text.sbrk_aligned
                0x00000000       0x44 C:/xpack/xpack-arm-none-eabi-gcc-14.2.1-1.1/bin/../lib/gcc/arm-none-eabi/14.2.1/../../../../arm-none-eabi/lib/thumb/v6-m/nofp\libc_nano.a(libc_a-mallocr.o)
 .text._malloc_r
                0x00000000      0x100 C:/xpack/xpack-arm-none-eabi-gcc-14.2.1-1.1/bin/../lib/gcc/arm-none-eabi/14.2.1/../../../../arm-none-eabi/lib/thumb/v6-m/nofp\libc_nano.a(libc_a-mallocr.o)
 .bss.__malloc_sbrk_start
                0x00000000        0x4 C:/xpack/xpack-arm-none-eabi-gcc-14.2.1-1.1/bin/../lib/gcc/arm-none-eabi/14.2.1/../../../../arm-none-eabi/lib/thumb/v6-m/nofp\libc_nano.a(libc_a-mallocr.o)
 .bss.__malloc_free_list
                0x00000000        0x4 C:/xpack/xpack-arm-none-eabi-gcc-14.2.1-1.1/bin/../lib/gcc/arm-none-eabi/14.2.1/../../../../arm-none-eabi/lib/thumb/v6-m/nofp\libc_nano.a(libc_a-mallocr.o)
 .comment       0x00000000       0x3a C:/xpack/xpack-arm-none-eabi-gcc-14.2.1-1.1/bin/../lib/gcc/arm-none-eabi/14.2.1/../../../../arm-none-eabi/lib/thumb/v6-m/nofp\libc_nano.a(libc_a-mallocr.o)
 .ARM.attributes
                0x00000000       0x2c C:/xpack/xpack-arm-none-eabi-gcc-14.2.1-1.1/bin/../lib/gcc/arm-none-eabi/14.2.1/../../../../arm-none-eabi/lib/thumb/v6-m/nofp\libc_nano.a(libc_a-mallocr.o)
 .text          0x00000000        0x0 C:/xpack/xpack-arm-none-eabi-gcc-14.2.1-1.1/bin/../lib/gcc/arm-none-eabi/14.2.1/../../../../arm-none-eabi/lib/thumb/v6-m/nofp\libc_nano.a(libc_a-mlock.o)
 .data          0x00000000        0x0 C:/xpack/xpack-arm-none-eabi-gcc-14.2.1-1.1/bin/../lib/gcc/arm-none-eabi/14.2.1/../../../../arm-none-eabi/lib/thumb/v6-m/nofp\libc_nano.a(libc_a-mlock.o)
 .bss           0x00000000        0x0 C:/xpack/xpack-arm-none-eabi-gcc-14.2.1-1.1/bin/../lib/gcc/arm-none-eabi/14.2.1/../../../../arm-none-eabi/lib/thumb/v6-m/nofp\libc_nano.a(libc_a-mlock.o)
 .text.__malloc_lock
                0x00000000       0x10 C:/xpack/xpack-arm-none-eabi-gcc-14.2.1-1.1/bin/../lib/gcc/arm-none-eabi/14.2.1/../../../../arm-none-eabi/lib/thumb/v6-m/nofp\libc_nano.a(libc_a-mlock.o)
 .text.__malloc_unlock
                0x00000000       0x10 C:/xpack/xpack-arm-none-eabi-gcc-14.2.1-1.1/bin/../lib/gcc/arm-none-eabi/14.2.1/../../../../arm-none-eabi/lib/thumb/v6-m/nofp\libc_nano.a(libc_a-mlock.o)
 .comment       0x00000000       0x3a C:/xpack/xpack-arm-none-eabi-gcc-14.2.1-1.1/bin/../lib/gcc/arm-none-eabi/14.2.1/../../../../arm-none-eabi/lib/thumb/v6-m/nofp\libc_nano.a(libc_a-mlock.o)
 .ARM.attributes
                0x00000000       0x2c C:/xpack/xpack-arm-none-eabi-gcc-14.2.1-1.1/bin/../lib/gcc/arm-none-eabi/14.2.1/../../../../arm-none-eabi/lib/thumb/v6-m/nofp\libc_nano.a(libc_a-mlock.o)
 .text          0x00000000        0x0 C:/xpack/xpack-arm-none-eabi-gcc-14.2.1-1.1/bin/../lib/gcc/arm-none-eabi/14.2.1/../../../../arm-none-eabi/lib/thumb/v6-m/nofp\libc_nano.a(libc_a-fflush.o)
 .data          0x00000000        0x0 C:/xpack/xpack-arm-none-eabi-gcc-14.2.1-1.1/bin/../lib/gcc/arm-none-eabi/14.2.1/../../../../arm-none-eabi/lib/thumb/v6-m/nofp\libc_nano.a(libc_a-fflush.o)
 .bss           0x00000000        0x0 C:/xpack/xpack-arm-none-eabi-gcc-14.2.1-1.1/bin/../lib/gcc/arm-none-eabi/14.2.1/../../../../arm-none-eabi/lib/thumb/v6-m/nofp\libc_nano.a(libc_a-fflush.o)
 .text.__sflush_r
                0x00000000      0x114 C:/xpack/xpack-arm-none-eabi-gcc-14.2.1-1.1/bin/../lib/gcc/arm-none-eabi/14.2.1/../../../../arm-none-eabi/lib/thumb/v6-m/nofp\libc_nano.a(libc_a-fflush.o)
 .text._fflush_r
                0x00000000       0x56 C:/xpack/xpack-arm-none-eabi-gcc-14.2.1-1.1/bin/../lib/gcc/arm-none-eabi/14.2.1/../../../../arm-none-eabi/lib/thumb/v6-m/nofp\libc_nano.a(libc_a-fflush.o)
 .text.fflush   0x00000000       0x30 C:/xpack/xpack-arm-none-eabi-gcc-14.2.1-1.1/bin/../lib/gcc/arm-none-eabi/14.2.1/../../../../arm-none-eabi/lib/thumb/v6-m/nofp\libc_nano.a(libc_a-fflush.o)
 .comment       0x00000000       0x3a C:/xpack/xpack-arm-none-eabi-gcc-14.2.1-1.1/bin/../lib/gcc/arm-none-eabi/14.2.1/../../../../arm-none-eabi/lib/thumb/v6-m/nofp\libc_nano.a(libc_a-fflush.o)
 .ARM.attributes
                0x00000000       0x2c C:/xpack/xpack-arm-none-eabi-gcc-14.2.1-1.1/bin/../lib/gcc/arm-none-eabi/14.2.1/../../../../arm-none-eabi/lib/thumb/v6-m/nofp\libc_nano.a(libc_a-fflush.o)
 .text          0x00000000        0x0 C:/xpack/xpack-arm-none-eabi-gcc-14.2.1-1.1/bin/../lib/gcc/arm-none-eabi/14.2.1/../../../../arm-none-eabi/lib/thumb/v6-m/nofp\libc_nano.a(libc_a-sbrkr.o)
 .data          0x00000000        0x0 C:/xpack/xpack-arm-none-eabi-gcc-14.2.1-1.1/bin/../lib/gcc/arm-none-eabi/14.2.1/../../../../arm-none-eabi/lib/thumb/v6-m/nofp\libc_nano.a(libc_a-sbrkr.o)
 .bss           0x00000000        0x0 C:/xpack/xpack-arm-none-eabi-gcc-14.2.1-1.1/bin/../lib/gcc/arm-none-eabi/14.2.1/../../../../arm-none-eabi/lib/thumb/v6-m/nofp\libc_nano.a(libc_a-sbrkr.o)
 .text._sbrk_r  0x00000000       0x24 C:/xpack/xpack-arm-none-eabi-gcc-14.2.1-1.1/bin/../lib/gcc/arm-none-eabi/14.2.1/../../../../arm-none-eabi/lib/thumb/v6-m/nofp\libc_nano.a(libc_a-sbrkr.o)
 .comment       0x00000000       0x3a C:/xpack/xpack-arm-none-eabi-gcc-14.2.1-1.1/bin/../lib/gcc/arm-none-eabi/14.2.1/../../../../arm-none-eabi/lib/thumb/v6-m/nofp\libc_nano.a(libc_a-sbrkr.o)
 .ARM.attributes
                0x00000000       0x2c C:/xpack/xpack-arm-none-eabi-gcc-14.2.1-1.1/bin/../lib/gcc/arm-none-eabi/14.2.1/../../../../arm-none-eabi/lib/thumb/v6-m/nofp\libc_nano.a(libc_a-sbrkr.o)
 .text          0x00000000        0x0 C:/xpack/xpack-arm-none-eabi-gcc-14.2.1-1.1/bin/../lib/gcc/arm-none-eabi/14.2.1/thumb/v6-m/nofp/crtend.o
 .data          0x00000000        0x0 C:/xpack/xpack-arm-none-eabi-gcc-14.2.1-1.1/bin/../lib/gcc/arm-none-eabi/14.2.1/thumb/v6-m/nofp/crtend.o
 .bss           0x00000000        0x0 C:/xpack/xpack-arm-none-eabi-gcc-14.2.1-1.1/bin/../lib/gcc/arm-none-eabi/14.2.1/thumb/v6-m/nofp/crtend.o
 .rodata.all_implied_fbits
                0x00000000       0x24 C:/xpack/xpack-arm-none-eabi-gcc-14.2.1-1.1/bin/../lib/gcc/arm-none-eabi/14.2.1/thumb/v6-m/nofp/crtend.o
 .eh_frame      0x00000000        0x4 C:/xpack/xpack-arm-none-eabi-gcc-14.2.1-1.1/bin/../lib/gcc/arm-none-eabi/14.2.1/thumb/v6-m/nofp/crtend.o
 .comment       0x00000000       0x3a C:/xpack/xpack-arm-none-eabi-gcc-14.2.1-1.1/bin/../lib/gcc/arm-none-eabi/14.2.1/thumb/v6-m/nofp/crtend.o
 .ARM.attributes
                0x00000000       0x2c C:/xpack/xpack-arm-none-eabi-gcc-14.2.1-1.1/bin/../lib/gcc/arm-none-eabi/14.2.1/thumb/v6-m/nofp/crtend.o
 .text          0x00000000        0x0 C:/xpack/xpack-arm-none-eabi-gcc-14.2.1-1.1/bin/../lib/gcc/arm-none-eabi/14.2.1/thumb/v6-m/nofp/crtn.o
 .data          0x00000000        0x0 C:/xpack/xpack-arm-none-eabi-gcc-14.2.1-1.1/bin/../lib/gcc/arm-none-eabi/14.2.1/thumb/v6-m/nofp/crtn.o
 .bss           0x00000000        0x0 C:/xpack/xpack-arm-none-eabi-gcc-14.2.1-1.1/bin/../lib/gcc/arm-none-eabi/14.2.1/thumb/v6-m/nofp/crtn.o

Memory Configuration

Name             Origin             Length             Attributes
RAM              0x20000000         0x00001000         xrw
FLASH            0x08000000         0x00008000         xr
*default*        0x00000000         0xffffffff

Linker script and memory map

LOAD C:/xpack/xpack-arm-none-eabi-gcc-14.2.1-1.1/bin/../lib/gcc/arm-none-eabi/14.2.1/thumb/v6-m/nofp/crti.o
LOAD C:/xpack/xpack-arm-none-eabi-gcc-14.2.1-1.1/bin/../lib/gcc/arm-none-eabi/14.2.1/thumb/v6-m/nofp/crtbegin.o
LOAD C:/xpack/xpack-arm-none-eabi-gcc-14.2.1-1.1/bin/../lib/gcc/arm-none-eabi/14.2.1/../../../../arm-none-eabi/lib/thumb/v6-m/nofp/crt0.o
LOAD ./Debug/.obj/__/Src/main.o
LOAD ./Debug/.obj/__/Src/py32f0xx_it.o
LOAD ./Debug/.obj/__/System/startup_py32f030xx.o
LOAD ./Debug/.obj/__/System/system_py32f0xx.o
LOAD C:/xpack/xpack-arm-none-eabi-gcc-14.2.1-1.1/bin/../lib/gcc/arm-none-eabi/14.2.1/../../../../arm-none-eabi/lib/thumb/v6-m/nofp\libm.a
START GROUP
LOAD C:/xpack/xpack-arm-none-eabi-gcc-14.2.1-1.1/bin/../lib/gcc/arm-none-eabi/14.2.1/thumb/v6-m/nofp\libgcc.a
LOAD C:/xpack/xpack-arm-none-eabi-gcc-14.2.1-1.1/bin/../lib/gcc/arm-none-eabi/14.2.1/../../../../arm-none-eabi/lib/thumb/v6-m/nofp\libc_nano.a
END GROUP
START GROUP
LOAD C:/xpack/xpack-arm-none-eabi-gcc-14.2.1-1.1/bin/../lib/gcc/arm-none-eabi/14.2.1/thumb/v6-m/nofp\libgcc.a
LOAD C:/xpack/xpack-arm-none-eabi-gcc-14.2.1-1.1/bin/../lib/gcc/arm-none-eabi/14.2.1/../../../../arm-none-eabi/lib/thumb/v6-m/nofp\libc_nano.a
END GROUP
LOAD C:/xpack/xpack-arm-none-eabi-gcc-14.2.1-1.1/bin/../lib/gcc/arm-none-eabi/14.2.1/thumb/v6-m/nofp/crtend.o
LOAD C:/xpack/xpack-arm-none-eabi-gcc-14.2.1-1.1/bin/../lib/gcc/arm-none-eabi/14.2.1/thumb/v6-m/nofp/crtn.o
                0x20001000                        _estack = (ORIGIN (RAM) + LENGTH (RAM))
                0x00000000                        _Min_Heap_Size = 0x0
                0x00000200                        _Min_Stack_Size = 0x200

.isr_vector     0x08000000       0xc0
                0x08000000                        . = ALIGN (0x4)
 *(.isr_vector)
 .isr_vector    0x08000000       0xc0 ./Debug/.obj/__/System/startup_py32f030xx.o
                0x08000000                g_pfnVectors
                0x080000c0                        . = ALIGN (0x4)

.text           0x080000c0      0x3d8
                0x080000c0                        . = ALIGN (0x4)
 *(.text)
 .text          0x080000c0      0x114 C:/xpack/xpack-arm-none-eabi-gcc-14.2.1-1.1/bin/../lib/gcc/arm-none-eabi/14.2.1/thumb/v6-m/nofp\libgcc.a(_udivsi3.o)
                0x080000c0                __aeabi_uidiv
                0x080000c0                __udivsi3
                0x080001cc                __aeabi_uidivmod
 .text          0x080001d4        0x4 C:/xpack/xpack-arm-none-eabi-gcc-14.2.1-1.1/bin/../lib/gcc/arm-none-eabi/14.2.1/thumb/v6-m/nofp\libgcc.a(_dvmd_tls.o)
                0x080001d4                __aeabi_idiv0
                0x080001d4                __aeabi_ldiv0
 *(.text*)
 .text.__do_global_dtors_aux
                0x080001d8       0x28 C:/xpack/xpack-arm-none-eabi-gcc-14.2.1-1.1/bin/../lib/gcc/arm-none-eabi/14.2.1/thumb/v6-m/nofp/crtbegin.o
 .text.frame_dummy
                0x08000200       0x20 C:/xpack/xpack-arm-none-eabi-gcc-14.2.1-1.1/bin/../lib/gcc/arm-none-eabi/14.2.1/thumb/v6-m/nofp/crtbegin.o
 .text.DelayX   0x08000220       0x2c ./Debug/.obj/__/Src/main.o
 .text.main     0x0800024c       0xb0 ./Debug/.obj/__/Src/main.o
                0x0800024c                main
 .text.NMI_Handler
                0x080002fc        0x2 ./Debug/.obj/__/Src/py32f0xx_it.o
                0x080002fc                NMI_Handler
 .text.HardFault_Handler
                0x080002fe        0x2 ./Debug/.obj/__/Src/py32f0xx_it.o
                0x080002fe                HardFault_Handler
 .text.SVC_Handler
                0x08000300        0x2 ./Debug/.obj/__/Src/py32f0xx_it.o
                0x08000300                SVC_Handler
 .text.PendSV_Handler
                0x08000302        0x2 ./Debug/.obj/__/Src/py32f0xx_it.o
                0x08000302                PendSV_Handler
 .text.SysTick_Handler
                0x08000304        0x2 ./Debug/.obj/__/Src/py32f0xx_it.o
                0x08000304                SysTick_Handler
 *fill*         0x08000306        0xa 
 .text.Reset_Handler
                0x08000310       0x74 ./Debug/.obj/__/System/startup_py32f030xx.o
                0x08000310                Reset_Handler
                0x08000350                Flash_Exit_From_Sleep
 .text.Default_Handler
                0x08000384        0x2 ./Debug/.obj/__/System/startup_py32f030xx.o
                0x08000384                TIM1_CC_IRQHandler
                0x08000384                PVD_IRQHandler
                0x08000384                I2C1_IRQHandler
                0x08000384                SPI1_IRQHandler
                0x08000384                EXTI2_3_IRQHandler
                0x08000384                TIM17_IRQHandler
                0x08000384                RTC_IRQHandler
                0x08000384                LED_IRQHandler
                0x08000384                TIM16_IRQHandler
                0x08000384                TIM3_IRQHandler
                0x08000384                EXTI4_15_IRQHandler
                0x08000384                RCC_IRQHandler
                0x08000384                DMA1_Channel1_IRQHandler
                0x08000384                Default_Handler
                0x08000384                TIM14_IRQHandler
                0x08000384                EXTI0_1_IRQHandler
                0x08000384                SPI2_IRQHandler
                0x08000384                WWDG_IRQHandler
                0x08000384                DMA1_Channel2_3_IRQHandler
                0x08000384                ADC_COMP_IRQHandler
                0x08000384                USART2_IRQHandler
                0x08000384                FLASH_IRQHandler
                0x08000384                USART1_IRQHandler
                0x08000384                TIM1_BRK_UP_TRG_COM_IRQHandler
                0x08000384                LPTIM1_IRQHandler
 .text.DelayTime
                0x08000386       0x1e ./Debug/.obj/__/System/system_py32f0xx.o
 .text.SystemInit
                0x080003a4       0x60 ./Debug/.obj/__/System/system_py32f0xx.o
                0x080003a4                SystemInit
 .text.entry    0x08000404       0x34 ./Debug/.obj/__/System/system_py32f0xx.o
                0x08000404                entry
 .text.__libc_init_array
                0x08000438       0x48 C:/xpack/xpack-arm-none-eabi-gcc-14.2.1-1.1/bin/../lib/gcc/arm-none-eabi/14.2.1/../../../../arm-none-eabi/lib/thumb/v6-m/nofp\libc_nano.a(libc_a-init.o)
                0x08000438                __libc_init_array
 *(.glue_7)
 .glue_7        0x08000480        0x0 linker stubs
 *(.glue_7t)
 .glue_7t       0x08000480        0x0 linker stubs
 *(.eh_frame)
 .eh_frame      0x08000480        0x0 C:/xpack/xpack-arm-none-eabi-gcc-14.2.1-1.1/bin/../lib/gcc/arm-none-eabi/14.2.1/thumb/v6-m/nofp/crtbegin.o
 *(.init)
 .init          0x08000480        0x4 C:/xpack/xpack-arm-none-eabi-gcc-14.2.1-1.1/bin/../lib/gcc/arm-none-eabi/14.2.1/thumb/v6-m/nofp/crti.o
                0x08000480                _init
 .init          0x08000484        0x8 C:/xpack/xpack-arm-none-eabi-gcc-14.2.1-1.1/bin/../lib/gcc/arm-none-eabi/14.2.1/thumb/v6-m/nofp/crtn.o
 *(.fini)
 .fini          0x0800048c        0x4 C:/xpack/xpack-arm-none-eabi-gcc-14.2.1-1.1/bin/../lib/gcc/arm-none-eabi/14.2.1/thumb/v6-m/nofp/crti.o
                0x0800048c                _fini
 .fini          0x08000490        0x8 C:/xpack/xpack-arm-none-eabi-gcc-14.2.1-1.1/bin/../lib/gcc/arm-none-eabi/14.2.1/thumb/v6-m/nofp/crtn.o
                0x08000498                        . = ALIGN (0x4)
                0x08000498                        _etext = .

.vfp11_veneer   0x08000498        0x0
 .vfp11_veneer  0x08000498        0x0 linker stubs

.v4_bx          0x08000498        0x0
 .v4_bx         0x08000498        0x0 linker stubs

.iplt           0x08000498        0x0
 .iplt          0x08000498        0x0 C:/xpack/xpack-arm-none-eabi-gcc-14.2.1-1.1/bin/../lib/gcc/arm-none-eabi/14.2.1/thumb/v6-m/nofp/crtbegin.o

.rel.dyn        0x08000498        0x0
 .rel.iplt      0x08000498        0x0 C:/xpack/xpack-arm-none-eabi-gcc-14.2.1-1.1/bin/../lib/gcc/arm-none-eabi/14.2.1/thumb/v6-m/nofp/crtbegin.o

.rodata         0x08000498        0x0
                0x08000498                        . = ALIGN (0x4)
 *(.rodata)
 *(.rodata*)
                0x08000498                        . = ALIGN (0x4)

.ARM.extab
 *(.ARM.extab* .gnu.linkonce.armextab.*)

.ARM            0x08000498        0x0
                0x08000498                        __exidx_start = .
 *(.ARM.exidx*)
                0x08000498                        __exidx_end = .

.preinit_array  0x08000498        0x0
                0x08000498                        PROVIDE (__preinit_array_start = .)
 *(.preinit_array*)
                0x08000498                        PROVIDE (__preinit_array_end = .)

.init_array     0x08000498        0x4
                0x08000498                        PROVIDE (__init_array_start = .)
 *(SORT_BY_NAME(.init_array.*))
 *(.init_array*)
 .init_array    0x08000498        0x4 C:/xpack/xpack-arm-none-eabi-gcc-14.2.1-1.1/bin/../lib/gcc/arm-none-eabi/14.2.1/thumb/v6-m/nofp/crtbegin.o
                0x0800049c                        PROVIDE (__init_array_end = .)

.fini_array     0x0800049c        0x4
                0x0800049c                        PROVIDE (__fini_array_start = .)
 *(SORT_BY_NAME(.fini_array.*))
 *(.fini_array*)
 .fini_array    0x0800049c        0x4 C:/xpack/xpack-arm-none-eabi-gcc-14.2.1-1.1/bin/../lib/gcc/arm-none-eabi/14.2.1/thumb/v6-m/nofp/crtbegin.o
                0x080004a0                        PROVIDE (__fini_array_end = .)
                0x08000560                        _sidata = LOADADDR (.data)

.vect_data      0x20000000       0xc0 load address 0x080004a0
                0x20000000                        . = ALIGN (0x4)
 *(.vectable_sram)
 .vectable_sram
                0x20000000       0xc0 ./Debug/.obj/__/System/system_py32f0xx.o
                0x20000000                VECT_SRAM_TAB

.data           0x200000c0        0x0 load address 0x08000560
                0x200000c0                        . = ALIGN (0x4)
                0x200000c0                        _sdata = .
 *(.data)
 *(.data*)
                0x200000c0                        . = ALIGN (0x4)
                0x200000c0                        _edata = .

.igot.plt       0x200000c0        0x0 load address 0x08000560
 .igot.plt      0x200000c0        0x0 C:/xpack/xpack-arm-none-eabi-gcc-14.2.1-1.1/bin/../lib/gcc/arm-none-eabi/14.2.1/thumb/v6-m/nofp/crtbegin.o
                0x200000c0                        . = ALIGN (0x4)

.bss            0x200000c0       0x1c load address 0x08000560
                0x200000c0                        _sbss = .
                0x200000c0                        __bss_start__ = _sbss
 *(.bss)
 *(.bss*)
 .bss.completed.1
                0x200000c0        0x1 C:/xpack/xpack-arm-none-eabi-gcc-14.2.1-1.1/bin/../lib/gcc/arm-none-eabi/14.2.1/thumb/v6-m/nofp/crtbegin.o
 *fill*         0x200000c1        0x3 
 .bss.object.0  0x200000c4       0x18 C:/xpack/xpack-arm-none-eabi-gcc-14.2.1-1.1/bin/../lib/gcc/arm-none-eabi/14.2.1/thumb/v6-m/nofp/crtbegin.o
 *(COMMON)
                0x200000dc                        . = ALIGN (0x4)
                0x200000dc                        _ebss = .
                0x200000dc                        __bss_end__ = _ebss

._user_heap_stack
                0x200000dc      0x204 load address 0x08000560
                0x200000e0                        . = ALIGN (0x8)
 *fill*         0x200000dc        0x4 
                [!provide]                        PROVIDE (end = .)
                [!provide]                        PROVIDE (_end = .)
                0x200000e0                        . = (. + _Min_Heap_Size)
                0x200002e0                        . = (. + _Min_Stack_Size)
 *fill*         0x200000e0      0x200 
                0x200002e0                        . = ALIGN (0x8)

/DISCARD/
 libc.a(*)
 libm.a(*)
 libgcc.a(*)

.ARM.attributes
                0x00000000       0x28
 *(.ARM.attributes)
 .ARM.attributes
                0x00000000       0x1e C:/xpack/xpack-arm-none-eabi-gcc-14.2.1-1.1/bin/../lib/gcc/arm-none-eabi/14.2.1/thumb/v6-m/nofp/crti.o
 .ARM.attributes
                0x0000001e       0x2c C:/xpack/xpack-arm-none-eabi-gcc-14.2.1-1.1/bin/../lib/gcc/arm-none-eabi/14.2.1/thumb/v6-m/nofp/crtbegin.o
 .ARM.attributes
                0x0000004a       0x2c ./Debug/.obj/__/Src/main.o
 .ARM.attributes
                0x00000076       0x2c ./Debug/.obj/__/Src/py32f0xx_it.o
 .ARM.attributes
                0x000000a2       0x22 ./Debug/.obj/__/System/startup_py32f030xx.o
 .ARM.attributes
                0x000000c4       0x2c ./Debug/.obj/__/System/system_py32f0xx.o
 .ARM.attributes
                0x000000f0       0x1e C:/xpack/xpack-arm-none-eabi-gcc-14.2.1-1.1/bin/../lib/gcc/arm-none-eabi/14.2.1/thumb/v6-m/nofp\libgcc.a(_udivsi3.o)
 .ARM.attributes
                0x0000010e       0x1e C:/xpack/xpack-arm-none-eabi-gcc-14.2.1-1.1/bin/../lib/gcc/arm-none-eabi/14.2.1/thumb/v6-m/nofp\libgcc.a(_dvmd_tls.o)
 .ARM.attributes
                0x0000012c       0x2c C:/xpack/xpack-arm-none-eabi-gcc-14.2.1-1.1/bin/../lib/gcc/arm-none-eabi/14.2.1/../../../../arm-none-eabi/lib/thumb/v6-m/nofp\libc_nano.a(libc_a-init.o)
 .ARM.attributes
                0x00000158       0x1e C:/xpack/xpack-arm-none-eabi-gcc-14.2.1-1.1/bin/../lib/gcc/arm-none-eabi/14.2.1/thumb/v6-m/nofp/crtn.o
OUTPUT(./Debug/LPstart.elf elf32-littlearm)
LOAD linker stubs
LOAD C:/xpack/xpack-arm-none-eabi-gcc-14.2.1-1.1/bin/../lib/gcc/arm-none-eabi/14.2.1/../../../../arm-none-eabi/lib/thumb/v6-m/nofp\libc.a
LOAD C:/xpack/xpack-arm-none-eabi-gcc-14.2.1-1.1/bin/../lib/gcc/arm-none-eabi/14.2.1/../../../../arm-none-eabi/lib/thumb/v6-m/nofp\libm.a
LOAD C:/xpack/xpack-arm-none-eabi-gcc-14.2.1-1.1/bin/../lib/gcc/arm-none-eabi/14.2.1/thumb/v6-m/nofp\libgcc.a

.comment        0x00000000       0x39
 .comment       0x00000000       0x39 C:/xpack/xpack-arm-none-eabi-gcc-14.2.1-1.1/bin/../lib/gcc/arm-none-eabi/14.2.1/thumb/v6-m/nofp/crtbegin.o
                                 0x3a (size before relaxing)
 .comment       0x00000039       0x3a ./Debug/.obj/__/Src/main.o
 .comment       0x00000039       0x3a ./Debug/.obj/__/Src/py32f0xx_it.o
 .comment       0x00000039       0x3a ./Debug/.obj/__/System/system_py32f0xx.o
 .comment       0x00000039       0x3a C:/xpack/xpack-arm-none-eabi-gcc-14.2.1-1.1/bin/../lib/gcc/arm-none-eabi/14.2.1/../../../../arm-none-eabi/lib/thumb/v6-m/nofp\libc_nano.a(libc_a-init.o)

.debug_info     0x00000000      0xa46
 .debug_info    0x00000000      0x478 ./Debug/.obj/__/Src/main.o
 .debug_info    0x00000478       0xbd ./Debug/.obj/__/Src/py32f0xx_it.o
 .debug_info    0x00000535       0x30 ./Debug/.obj/__/System/startup_py32f030xx.o
 .debug_info    0x00000565      0x467 ./Debug/.obj/__/System/system_py32f0xx.o
 .debug_info    0x000009cc       0x3e C:/xpack/xpack-arm-none-eabi-gcc-14.2.1-1.1/bin/../lib/gcc/arm-none-eabi/14.2.1/thumb/v6-m/nofp\libgcc.a(_udivsi3.o)
 .debug_info    0x00000a0a       0x3c C:/xpack/xpack-arm-none-eabi-gcc-14.2.1-1.1/bin/../lib/gcc/arm-none-eabi/14.2.1/thumb/v6-m/nofp\libgcc.a(_dvmd_tls.o)

.debug_abbrev   0x00000000      0x433
 .debug_abbrev  0x00000000      0x1a8 ./Debug/.obj/__/Src/main.o
 .debug_abbrev  0x000001a8       0x45 ./Debug/.obj/__/Src/py32f0xx_it.o
 .debug_abbrev  0x000001ed       0x24 ./Debug/.obj/__/System/startup_py32f030xx.o
 .debug_abbrev  0x00000211      0x1d4 ./Debug/.obj/__/System/system_py32f0xx.o
 .debug_abbrev  0x000003e5       0x28 C:/xpack/xpack-arm-none-eabi-gcc-14.2.1-1.1/bin/../lib/gcc/arm-none-eabi/14.2.1/thumb/v6-m/nofp\libgcc.a(_udivsi3.o)
 .debug_abbrev  0x0000040d       0x26 C:/xpack/xpack-arm-none-eabi-gcc-14.2.1-1.1/bin/../lib/gcc/arm-none-eabi/14.2.1/thumb/v6-m/nofp\libgcc.a(_dvmd_tls.o)

.debug_loclists
                0x00000000       0xb1
 .debug_loclists
                0x00000000       0x4d ./Debug/.obj/__/Src/main.o
 .debug_loclists
                0x0000004d       0x64 ./Debug/.obj/__/System/system_py32f0xx.o

.debug_aranges  0x00000000      0x108
 .debug_aranges
                0x00000000       0x28 ./Debug/.obj/__/Src/main.o
 .debug_aranges
                0x00000028       0x40 ./Debug/.obj/__/Src/py32f0xx_it.o
 .debug_aranges
                0x00000068       0x28 ./Debug/.obj/__/System/startup_py32f030xx.o
 .debug_aranges
                0x00000090       0x38 ./Debug/.obj/__/System/system_py32f0xx.o
 .debug_aranges
                0x000000c8       0x20 C:/xpack/xpack-arm-none-eabi-gcc-14.2.1-1.1/bin/../lib/gcc/arm-none-eabi/14.2.1/thumb/v6-m/nofp\libgcc.a(_udivsi3.o)
 .debug_aranges
                0x000000e8       0x20 C:/xpack/xpack-arm-none-eabi-gcc-14.2.1-1.1/bin/../lib/gcc/arm-none-eabi/14.2.1/thumb/v6-m/nofp\libgcc.a(_dvmd_tls.o)

.debug_rnglists
                0x00000000       0x84
 .debug_rnglists
                0x00000000       0x1a ./Debug/.obj/__/Src/main.o
 .debug_rnglists
                0x0000001a       0x2b ./Debug/.obj/__/Src/py32f0xx_it.o
 .debug_rnglists
                0x00000045       0x19 ./Debug/.obj/__/System/startup_py32f030xx.o
 .debug_rnglists
                0x0000005e       0x26 ./Debug/.obj/__/System/system_py32f0xx.o

.debug_line     0x00000000      0x768
 .debug_line    0x00000000      0x24c ./Debug/.obj/__/Src/main.o
 .debug_line    0x0000024c       0x9a ./Debug/.obj/__/Src/py32f0xx_it.o
 .debug_line    0x000002e6       0x8b ./Debug/.obj/__/System/startup_py32f030xx.o
 .debug_line    0x00000371      0x357 ./Debug/.obj/__/System/system_py32f0xx.o
 .debug_line    0x000006c8       0x56 C:/xpack/xpack-arm-none-eabi-gcc-14.2.1-1.1/bin/../lib/gcc/arm-none-eabi/14.2.1/thumb/v6-m/nofp\libgcc.a(_udivsi3.o)
 .debug_line    0x0000071e       0x4a C:/xpack/xpack-arm-none-eabi-gcc-14.2.1-1.1/bin/../lib/gcc/arm-none-eabi/14.2.1/thumb/v6-m/nofp\libgcc.a(_dvmd_tls.o)

.debug_str      0x00000000      0x57f
 .debug_str     0x00000000      0x57f ./Debug/.obj/__/Src/main.o
                                0x2e8 (size before relaxing)
 .debug_str     0x0000057f      0x1a8 ./Debug/.obj/__/Src/py32f0xx_it.o
 .debug_str     0x0000057f       0x68 ./Debug/.obj/__/System/startup_py32f030xx.o
 .debug_str     0x0000057f      0x2f9 ./Debug/.obj/__/System/system_py32f0xx.o
 .debug_str     0x0000057f      0x155 C:/xpack/xpack-arm-none-eabi-gcc-14.2.1-1.1/bin/../lib/gcc/arm-none-eabi/14.2.1/thumb/v6-m/nofp\libgcc.a(_udivsi3.o)
 .debug_str     0x0000057f      0x156 C:/xpack/xpack-arm-none-eabi-gcc-14.2.1-1.1/bin/../lib/gcc/arm-none-eabi/14.2.1/thumb/v6-m/nofp\libgcc.a(_dvmd_tls.o)

.debug_frame    0x00000000      0x124
 .debug_frame   0x00000000       0x40 ./Debug/.obj/__/Src/main.o
 .debug_frame   0x00000040       0x60 ./Debug/.obj/__/Src/py32f0xx_it.o
 .debug_frame   0x000000a0       0x64 ./Debug/.obj/__/System/system_py32f0xx.o
 .debug_frame   0x00000104       0x20 C:/xpack/xpack-arm-none-eabi-gcc-14.2.1-1.1/bin/../lib/gcc/arm-none-eabi/14.2.1/thumb/v6-m/nofp\libgcc.a(_udivsi3.o)

.debug_line_str
                0x00000000      0x178
 .debug_line_str
                0x00000000      0x178 ./Debug/.obj/__/System/startup_py32f030xx.o
                                 0x4c (size before relaxing)
 .debug_line_str
                0x00000178      0x12c C:/xpack/xpack-arm-none-eabi-gcc-14.2.1-1.1/bin/../lib/gcc/arm-none-eabi/14.2.1/thumb/v6-m/nofp\libgcc.a(_udivsi3.o)
 .debug_line_str
                0x00000178      0x12c C:/xpack/xpack-arm-none-eabi-gcc-14.2.1-1.1/bin/../lib/gcc/arm-none-eabi/14.2.1/thumb/v6-m/nofp\libgcc.a(_dvmd_tls.o)
