Archive member included to satisfy reference by file (symbol)

C:/Users/User/.eide/tools/gcc_arm/bin/../lib/gcc/arm-none-eabi/14.3.1/../../../../arm-none-eabi/lib/thumb/v6-m/nofp\libc_nano.a(libc_a-exit.o)
                              C:/Users/User/.eide/tools/gcc_arm/bin/../lib/gcc/arm-none-eabi/14.3.1/../../../../arm-none-eabi/lib/thumb/v6-m/nofp/crt0.o (exit)
C:/Users/User/.eide/tools/gcc_arm/bin/../lib/gcc/arm-none-eabi/14.3.1/../../../../arm-none-eabi/lib/thumb/v6-m/nofp\libc_nano.a(libc_a-findfp.o)
                              C:/Users/User/.eide/tools/gcc_arm/bin/../lib/gcc/arm-none-eabi/14.3.1/../../../../arm-none-eabi/lib/thumb/v6-m/nofp\libc_nano.a(libc_a-exit.o) (__stdio_exit_handler)
C:/Users/User/.eide/tools/gcc_arm/bin/../lib/gcc/arm-none-eabi/14.3.1/../../../../arm-none-eabi/lib/thumb/v6-m/nofp\libc_nano.a(libc_a-fwalk.o)
                              C:/Users/User/.eide/tools/gcc_arm/bin/../lib/gcc/arm-none-eabi/14.3.1/../../../../arm-none-eabi/lib/thumb/v6-m/nofp\libc_nano.a(libc_a-findfp.o) (_fwalk_sglue)
C:/Users/User/.eide/tools/gcc_arm/bin/../lib/gcc/arm-none-eabi/14.3.1/../../../../arm-none-eabi/lib/thumb/v6-m/nofp\libc_nano.a(libc_a-setvbuf.o)
                              ./Release/.obj/__/BSP/py32f002bxx_ll_Start_Kit.o (symbol from plugin) (setvbuf)
C:/Users/User/.eide/tools/gcc_arm/bin/../lib/gcc/arm-none-eabi/14.3.1/../../../../arm-none-eabi/lib/thumb/v6-m/nofp\libc_nano.a(libc_a-stdio.o)
                              C:/Users/User/.eide/tools/gcc_arm/bin/../lib/gcc/arm-none-eabi/14.3.1/../../../../arm-none-eabi/lib/thumb/v6-m/nofp\libc_nano.a(libc_a-findfp.o) (__sread)
C:/Users/User/.eide/tools/gcc_arm/bin/../lib/gcc/arm-none-eabi/14.3.1/../../../../arm-none-eabi/lib/thumb/v6-m/nofp\libc_nano.a(libc_a-memset.o)
                              C:/Users/User/.eide/tools/gcc_arm/bin/../lib/gcc/arm-none-eabi/14.3.1/../../../../arm-none-eabi/lib/thumb/v6-m/nofp/crt0.o (memset)
C:/Users/User/.eide/tools/gcc_arm/bin/../lib/gcc/arm-none-eabi/14.3.1/../../../../arm-none-eabi/lib/thumb/v6-m/nofp\libc_nano.a(libc_a-closer.o)
                              C:/Users/User/.eide/tools/gcc_arm/bin/../lib/gcc/arm-none-eabi/14.3.1/../../../../arm-none-eabi/lib/thumb/v6-m/nofp\libc_nano.a(libc_a-stdio.o) (_close_r)
C:/Users/User/.eide/tools/gcc_arm/bin/../lib/gcc/arm-none-eabi/14.3.1/../../../../arm-none-eabi/lib/thumb/v6-m/nofp\libc_nano.a(libc_a-reent.o)
                              C:/Users/User/.eide/tools/gcc_arm/bin/../lib/gcc/arm-none-eabi/14.3.1/../../../../arm-none-eabi/lib/thumb/v6-m/nofp\libc_nano.a(libc_a-closer.o) (errno)
C:/Users/User/.eide/tools/gcc_arm/bin/../lib/gcc/arm-none-eabi/14.3.1/../../../../arm-none-eabi/lib/thumb/v6-m/nofp\libc_nano.a(libc_a-impure.o)
                              C:/Users/User/.eide/tools/gcc_arm/bin/../lib/gcc/arm-none-eabi/14.3.1/../../../../arm-none-eabi/lib/thumb/v6-m/nofp\libc_nano.a(libc_a-setvbuf.o) (_impure_ptr)
C:/Users/User/.eide/tools/gcc_arm/bin/../lib/gcc/arm-none-eabi/14.3.1/../../../../arm-none-eabi/lib/thumb/v6-m/nofp\libc_nano.a(libc_a-lseekr.o)
                              C:/Users/User/.eide/tools/gcc_arm/bin/../lib/gcc/arm-none-eabi/14.3.1/../../../../arm-none-eabi/lib/thumb/v6-m/nofp\libc_nano.a(libc_a-stdio.o) (_lseek_r)
C:/Users/User/.eide/tools/gcc_arm/bin/../lib/gcc/arm-none-eabi/14.3.1/../../../../arm-none-eabi/lib/thumb/v6-m/nofp\libc_nano.a(libc_a-readr.o)
                              C:/Users/User/.eide/tools/gcc_arm/bin/../lib/gcc/arm-none-eabi/14.3.1/../../../../arm-none-eabi/lib/thumb/v6-m/nofp\libc_nano.a(libc_a-stdio.o) (_read_r)
C:/Users/User/.eide/tools/gcc_arm/bin/../lib/gcc/arm-none-eabi/14.3.1/../../../../arm-none-eabi/lib/thumb/v6-m/nofp\libc_nano.a(libc_a-writer.o)
                              C:/Users/User/.eide/tools/gcc_arm/bin/../lib/gcc/arm-none-eabi/14.3.1/../../../../arm-none-eabi/lib/thumb/v6-m/nofp\libc_nano.a(libc_a-stdio.o) (_write_r)
C:/Users/User/.eide/tools/gcc_arm/bin/../lib/gcc/arm-none-eabi/14.3.1/../../../../arm-none-eabi/lib/thumb/v6-m/nofp\libc_nano.a(libc_a-init.o)
                              C:/Users/User/.eide/tools/gcc_arm/bin/../lib/gcc/arm-none-eabi/14.3.1/../../../../arm-none-eabi/lib/thumb/v6-m/nofp/crt0.o (__libc_init_array)
C:/Users/User/.eide/tools/gcc_arm/bin/../lib/gcc/arm-none-eabi/14.3.1/../../../../arm-none-eabi/lib/thumb/v6-m/nofp\libc_nano.a(libc_a-lock.o)
                              C:/Users/User/.eide/tools/gcc_arm/bin/../lib/gcc/arm-none-eabi/14.3.1/../../../../arm-none-eabi/lib/thumb/v6-m/nofp\libc_nano.a(libc_a-findfp.o) (__retarget_lock_init_recursive)
C:/Users/User/.eide/tools/gcc_arm/bin/../lib/gcc/arm-none-eabi/14.3.1/../../../../arm-none-eabi/lib/thumb/v6-m/nofp\libc_nano.a(libc_a-freer.o)
                              C:/Users/User/.eide/tools/gcc_arm/bin/../lib/gcc/arm-none-eabi/14.3.1/../../../../arm-none-eabi/lib/thumb/v6-m/nofp\libc_nano.a(libc_a-setvbuf.o) (_free_r)
[...]
Memory Configuration

Name             Origin             Length             Attributes
RAM              0x20000000         0x00000c00         xrw
FLASH            0x08000000         0x00006000         xr
*default*        0x00000000         0xffffffff

Linker script and memory map

LOAD C:/Users/User/.eide/tools/gcc_arm/bin/../lib/gcc/arm-none-eabi/14.3.1/thumb/v6-m/nofp/crti.o
LOAD C:/Users/User/.eide/tools/gcc_arm/bin/../lib/gcc/arm-none-eabi/14.3.1/thumb/v6-m/nofp/crtbegin.o
LOAD C:/Users/User/.eide/tools/gcc_arm/bin/../lib/gcc/arm-none-eabi/14.3.1/../../../../arm-none-eabi/lib/thumb/v6-m/nofp/crt0.o
LOAD ./Release/.obj/__/__/__/Drivers/PY32F002B_HAL_Driver/Src/py32f002b_ll_utils.o
LOAD C:\Users\User\AppData\Local\Temp\ccHFlGjO.ltrans0.ltrans.o
LOAD C:\Users\User\AppData\Local\Temp\ccVthXI9.debug.temp.o
LOAD C:\Users\User\AppData\Local\Temp\ccqu7pUQ.debug.temp.o
LOAD C:\Users\User\AppData\Local\Temp\ccLnGOhx.debug.temp.o
LOAD C:\Users\User\AppData\Local\Temp\ccoK1MJd.debug.temp.o
LOAD C:\Users\User\AppData\Local\Temp\cc16mLbU.debug.temp.o
LOAD ./Release/.obj/__/BSP/py32f002bxx_ll_Start_Kit.o
LOAD ./Release/.obj/__/Src/main.o
LOAD ./Release/.obj/__/Src/py32f002b_it.o
LOAD ./Release/.obj/__/System/startup_py32f002bxx.o
LOAD ./Release/.obj/__/System/system_py32f002b.o
LOAD C:/Users/User/.eide/tools/gcc_arm/bin/../lib/gcc/arm-none-eabi/14.3.1/../../../../arm-none-eabi/lib/thumb/v6-m/nofp\libm.a
START GROUP
LOAD C:/Users/User/.eide/tools/gcc_arm/bin/../lib/gcc/arm-none-eabi/14.3.1/thumb/v6-m/nofp\libgcc.a
LOAD C:/Users/User/.eide/tools/gcc_arm/bin/../lib/gcc/arm-none-eabi/14.3.1/../../../../arm-none-eabi/lib/thumb/v6-m/nofp\libc_nano.a
END GROUP
START GROUP
LOAD C:/Users/User/.eide/tools/gcc_arm/bin/../lib/gcc/arm-none-eabi/14.3.1/thumb/v6-m/nofp\libgcc.a
LOAD C:/Users/User/.eide/tools/gcc_arm/bin/../lib/gcc/arm-none-eabi/14.3.1/../../../../arm-none-eabi/lib/thumb/v6-m/nofp\libc_nano.a
LOAD C:/Users/User/.eide/tools/gcc_arm/bin/../lib/gcc/arm-none-eabi/14.3.1/../../../../arm-none-eabi/lib/thumb/v6-m/nofp\libnosys.a
END GROUP
START GROUP
LOAD C:/Users/User/.eide/tools/gcc_arm/bin/../lib/gcc/arm-none-eabi/14.3.1/thumb/v6-m/nofp\libgcc.a
LOAD C:/Users/User/.eide/tools/gcc_arm/bin/../lib/gcc/arm-none-eabi/14.3.1/../../../../arm-none-eabi/lib/thumb/v6-m/nofp\libc_nano.a
LOAD C:/Users/User/.eide/tools/gcc_arm/bin/../lib/gcc/arm-none-eabi/14.3.1/../../../../arm-none-eabi/lib/thumb/v6-m/nofp\libnosys.a
END GROUP
LOAD C:/Users/User/.eide/tools/gcc_arm/bin/../lib/gcc/arm-none-eabi/14.3.1/thumb/v6-m/nofp/crtend.o
LOAD C:/Users/User/.eide/tools/gcc_arm/bin/../lib/gcc/arm-none-eabi/14.3.1/thumb/v6-m/nofp/crtn.o
                0x20000c00                        _estack = (ORIGIN (RAM) + LENGTH (RAM))
                0x00000000                        _Min_Heap_Size = 0x0
                0x00000400                        _Min_Stack_Size = 0x400

.isr_vector     0x08000000       0xc0
                0x08000000                        . = ALIGN (0x4)
 *(.isr_vector)
 .isr_vector    0x08000000       0xc0 ./Release/.obj/__/System/startup_py32f002bxx.o
                0x08000000                g_pfnVectors
                0x080000c0                        . = ALIGN (0x4)

.text           0x080000c0     0x19c8
                0x080000c0                        . = ALIGN (0x4)
 *(.text)
 .text          0x080000c0       0xf0 C:\Users\User\AppData\Local\Temp\ccHFlGjO.ltrans0.ltrans.o
                0x0800011c                _write
                0x08000144                NMI_Handler
                0x08000146                HardFault_Handler
                0x08000148                SVC_Handler
                0x0800014a                PendSV_Handler
                0x0800014c                SysTick_Handler
                0x0800014e                SystemInit
 .text          0x080001b0      0x114 C:/Users/User/.eide/tools/gcc_arm/bin/../lib/gcc/arm-none-eabi/14.3.1/thumb/v6-m/nofp\libgcc.a(_udivsi3.o)
                0x080001b0                __aeabi_uidiv
                0x080001b0                __udivsi3
                0x080002bc                __aeabi_uidivmod
 .text          0x080002c4      0x1d4 C:/Users/User/.eide/tools/gcc_arm/bin/../lib/gcc/arm-none-eabi/14.3.1/thumb/v6-m/nofp\libgcc.a(_divsi3.o)
                0x080002c4                __divsi3
                0x080002c4                __aeabi_idiv
                0x08000490                __aeabi_idivmod
 .text          0x08000498        0x4 C:/Users/User/.eide/tools/gcc_arm/bin/../lib/gcc/arm-none-eabi/14.3.1/thumb/v6-m/nofp\libgcc.a(_dvmd_tls.o)
                0x08000498                __aeabi_idiv0
                0x08000498                __aeabi_ldiv0
 .text          0x0800049c       0x14 C:/Users/User/.eide/tools/gcc_arm/bin/../lib/gcc/arm-none-eabi/14.3.1/thumb/v6-m/nofp\libgcc.a(_thumb1_case_shi.o)
                0x0800049c                __gnu_thumb1_case_shi
 *(.text*)
 .text.deregister_tm_clones
                0x080004b0       0x20 C:/Users/User/.eide/tools/gcc_arm/bin/../lib/gcc/arm-none-eabi/14.3.1/thumb/v6-m/nofp/crtbegin.o
 .text.register_tm_clones
                0x080004d0       0x28 C:/Users/User/.eide/tools/gcc_arm/bin/../lib/gcc/arm-none-eabi/14.3.1/thumb/v6-m/nofp/crtbegin.o
 .text.__do_global_dtors_aux
                0x080004f8       0x2c C:/Users/User/.eide/tools/gcc_arm/bin/../lib/gcc/arm-none-eabi/14.3.1/thumb/v6-m/nofp/crtbegin.o
 .text.frame_dummy
                0x08000524       0x24 C:/Users/User/.eide/tools/gcc_arm/bin/../lib/gcc/arm-none-eabi/14.3.1/thumb/v6-m/nofp/crtbegin.o
 .text.startup  0x08000548      0x44c C:\Users\User\AppData\Local\Temp\ccHFlGjO.ltrans0.ltrans.o
                0x08000548                main
 .text.Reset_Handler
                0x08000994       0x50 ./Release/.obj/__/System/startup_py32f002bxx.o
                0x08000994                Reset_Handler
 .text.Default_Handler
                0x080009e4        0x2 ./Release/.obj/__/System/startup_py32f002bxx.o
                0x080009e4                TIM1_CC_IRQHandler
                0x080009e4                I2C1_IRQHandler
                0x080009e4                SPI1_IRQHandler
                0x080009e4                EXTI2_3_IRQHandler
                0x080009e4                EXTI4_15_IRQHandler
                0x080009e4                RCC_IRQHandler
                0x080009e4                Default_Handler
                0x080009e4                TIM14_IRQHandler
                0x080009e4                EXTI0_1_IRQHandler
                0x080009e4                ADC_COMP_IRQHandler
                0x080009e4                FLASH_IRQHandler
                0x080009e4                USART1_IRQHandler
                0x080009e4                TIM1_BRK_UP_TRG_COM_IRQHandler
                0x080009e4                LPTIM1_IRQHandler
 *fill*         0x080009e6        0x2 
 .text.std      0x080009e8       0x6c C:/Users/User/.eide/tools/gcc_arm/bin/../lib/gcc/arm-none-eabi/14.3.1/../../../../arm-none-eabi/lib/thumb/v6-m/nofp\libc_nano.a(libc_a-findfp.o)
 .text.stdio_exit_handler
                0x08000a54       0x1c C:/Users/User/.eide/tools/gcc_arm/bin/../lib/gcc/arm-none-eabi/14.3.1/../../../../arm-none-eabi/lib/thumb/v6-m/nofp\libc_nano.a(libc_a-findfp.o)
 .text.cleanup_stdio
                0x08000a70       0x3c C:/Users/User/.eide/tools/gcc_arm/bin/../lib/gcc/arm-none-eabi/14.3.1/../../../../arm-none-eabi/lib/thumb/v6-m/nofp\libc_nano.a(libc_a-findfp.o)
 .text.global_stdio_init.part.0
                0x08000aac       0x3c C:/Users/User/.eide/tools/gcc_arm/bin/../lib/gcc/arm-none-eabi/14.3.1/../../../../arm-none-eabi/lib/thumb/v6-m/nofp\libc_nano.a(libc_a-findfp.o)
 .text.__sfp_lock_acquire
                0x08000ae8       0x10 C:/Users/User/.eide/tools/gcc_arm/bin/../lib/gcc/arm-none-eabi/14.3.1/../../../../arm-none-eabi/lib/thumb/v6-m/nofp\libc_nano.a(libc_a-findfp.o)
                0x08000ae8                __sfp_lock_acquire
 .text.__sfp_lock_release
                0x08000af8       0x10 C:/Users/User/.eide/tools/gcc_arm/bin/../lib/gcc/arm-none-eabi/14.3.1/../../../../arm-none-eabi/lib/thumb/v6-m/nofp\libc_nano.a(libc_a-findfp.o)
                0x08000af8                __sfp_lock_release
 .text.__sinit  0x08000b08       0x30 C:/Users/User/.eide/tools/gcc_arm/bin/../lib/gcc/arm-none-eabi/14.3.1/../../../../arm-none-eabi/lib/thumb/v6-m/nofp\libc_nano.a(libc_a-findfp.o)
                0x08000b08                __sinit
 .text._fwalk_sglue
                0x08000b38       0x38 C:/Users/User/.eide/tools/gcc_arm/bin/../lib/gcc/arm-none-eabi/14.3.1/../../../../arm-none-eabi/lib/thumb/v6-m/nofp\libc_nano.a(libc_a-fwalk.o)
                0x08000b38                _fwalk_sglue
 .text.setvbuf  0x08000b70      0x16c C:/Users/User/.eide/tools/gcc_arm/bin/../lib/gcc/arm-none-eabi/14.3.1/../../../../arm-none-eabi/lib/thumb/v6-m/nofp\libc_nano.a(libc_a-setvbuf.o)
                0x08000b70                setvbuf
 .text.__sread  0x08000cdc       0x28 C:/Users/User/.eide/tools/gcc_arm/bin/../lib/gcc/arm-none-eabi/14.3.1/../../../../arm-none-eabi/lib/thumb/v6-m/nofp\libc_nano.a(libc_a-stdio.o)
                0x08000cdc                __sread
 .text.__swrite
                0x08000d04       0x38 C:/Users/User/.eide/tools/gcc_arm/bin/../lib/gcc/arm-none-eabi/14.3.1/../../../../arm-none-eabi/lib/thumb/v6-m/nofp\libc_nano.a(libc_a-stdio.o)
                0x08000d04                __swrite
 .text.__sseek  0x08000d3c       0x2c C:/Users/User/.eide/tools/gcc_arm/bin/../lib/gcc/arm-none-eabi/14.3.1/../../../../arm-none-eabi/lib/thumb/v6-m/nofp\libc_nano.a(libc_a-stdio.o)
                0x08000d3c                __sseek
 .text.__sclose
                0x08000d68        0xc C:/Users/User/.eide/tools/gcc_arm/bin/../lib/gcc/arm-none-eabi/14.3.1/../../../../arm-none-eabi/lib/thumb/v6-m/nofp\libc_nano.a(libc_a-stdio.o)
                0x08000d68                __sclose
 .text.memset   0x08000d74       0x10 C:/Users/User/.eide/tools/gcc_arm/bin/../lib/gcc/arm-none-eabi/14.3.1/../../../../arm-none-eabi/lib/thumb/v6-m/nofp\libc_nano.a(libc_a-memset.o)
                0x08000d74                memset
 .text._close_r
                0x08000d84       0x24 C:/Users/User/.eide/tools/gcc_arm/bin/../lib/gcc/arm-none-eabi/14.3.1/../../../../arm-none-eabi/lib/thumb/v6-m/nofp\libc_nano.a(libc_a-closer.o)
                0x08000d84                _close_r
 .text._lseek_r
                0x08000da8       0x28 C:/Users/User/.eide/tools/gcc_arm/bin/../lib/gcc/arm-none-eabi/14.3.1/../../../../arm-none-eabi/lib/thumb/v6-m/nofp\libc_nano.a(libc_a-lseekr.o)
                0x08000da8                _lseek_r
 .text._read_r  0x08000dd0       0x28 C:/Users/User/.eide/tools/gcc_arm/bin/../lib/gcc/arm-none-eabi/14.3.1/../../../../arm-none-eabi/lib/thumb/v6-m/nofp\libc_nano.a(libc_a-readr.o)
                0x08000dd0                _read_r
 .text._write_r
                0x08000df8       0x28 C:/Users/User/.eide/tools/gcc_arm/bin/../lib/gcc/arm-none-eabi/14.3.1/../../../../arm-none-eabi/lib/thumb/v6-m/nofp\libc_nano.a(libc_a-writer.o)
                0x08000df8                _write_r
 .text.__libc_init_array
                0x08000e20       0x48 C:/Users/User/.eide/tools/gcc_arm/bin/../lib/gcc/arm-none-eabi/14.3.1/../../../../arm-none-eabi/lib/thumb/v6-m/nofp\libc_nano.a(libc_a-init.o)
                0x08000e20                __libc_init_array
 .text.__retarget_lock_init_recursive
                0x08000e68        0x2 C:/Users/User/.eide/tools/gcc_arm/bin/../lib/gcc/arm-none-eabi/14.3.1/../../../../arm-none-eabi/lib/thumb/v6-m/nofp\libc_nano.a(libc_a-lock.o)
                0x08000e68                __retarget_lock_init_recursive
 .text.__retarget_lock_acquire_recursive
                0x08000e6a        0x2 C:/Users/User/.eide/tools/gcc_arm/bin/../lib/gcc/arm-none-eabi/14.3.1/../../../../arm-none-eabi/lib/thumb/v6-m/nofp\libc_nano.a(libc_a-lock.o)
                0x08000e6a                __retarget_lock_acquire_recursive
 .text.__retarget_lock_release_recursive
                0x08000e6c        0x2 C:/Users/User/.eide/tools/gcc_arm/bin/../lib/gcc/arm-none-eabi/14.3.1/../../../../arm-none-eabi/lib/thumb/v6-m/nofp\libc_nano.a(libc_a-lock.o)
                0x08000e6c                __retarget_lock_release_recursive
 *fill*         0x08000e6e        0x2 
 .text._free_r  0x08000e70       0x94 C:/Users/User/.eide/tools/gcc_arm/bin/../lib/gcc/arm-none-eabi/14.3.1/../../../../arm-none-eabi/lib/thumb/v6-m/nofp\libc_nano.a(libc_a-freer.o)
                0x08000e70                _free_r
 .text.malloc   0x08000f04       0x14 C:/Users/User/.eide/tools/gcc_arm/bin/../lib/gcc/arm-none-eabi/14.3.1/../../../../arm-none-eabi/lib/thumb/v6-m/nofp\libc_nano.a(libc_a-malloc.o)
                0x08000f04                malloc
 .text.sbrk_aligned
                0x08000f18       0x44 C:/Users/User/.eide/tools/gcc_arm/bin/../lib/gcc/arm-none-eabi/14.3.1/../../../../arm-none-eabi/lib/thumb/v6-m/nofp\libc_nano.a(libc_a-mallocr.o)
 .text._malloc_r
                0x08000f5c      0x100 C:/Users/User/.eide/tools/gcc_arm/bin/../lib/gcc/arm-none-eabi/14.3.1/../../../../arm-none-eabi/lib/thumb/v6-m/nofp\libc_nano.a(libc_a-mallocr.o)
                0x08000f5c                _malloc_r
 .text.__malloc_lock
                0x0800105c       0x10 C:/Users/User/.eide/tools/gcc_arm/bin/../lib/gcc/arm-none-eabi/14.3.1/../../../../arm-none-eabi/lib/thumb/v6-m/nofp\libc_nano.a(libc_a-mlock.o)
                0x0800105c                __malloc_lock
 .text.__malloc_unlock
                0x0800106c       0x10 C:/Users/User/.eide/tools/gcc_arm/bin/../lib/gcc/arm-none-eabi/14.3.1/../../../../arm-none-eabi/lib/thumb/v6-m/nofp\libc_nano.a(libc_a-mlock.o)
                0x0800106c                __malloc_unlock
 .text.__sflush_r
                0x0800107c      0x114 C:/Users/User/.eide/tools/gcc_arm/bin/../lib/gcc/arm-none-eabi/14.3.1/../../../../arm-none-eabi/lib/thumb/v6-m/nofp\libc_nano.a(libc_a-fflush.o)
                0x0800107c                __sflush_r
 .text._fflush_r
                0x08001190       0x56 C:/Users/User/.eide/tools/gcc_arm/bin/../lib/gcc/arm-none-eabi/14.3.1/../../../../arm-none-eabi/lib/thumb/v6-m/nofp\libc_nano.a(libc_a-fflush.o)
                0x08001190                _fflush_r
 *fill*         0x080011e6        0x2 
 .text.__swhatbuf_r
                0x080011e8       0x54 C:/Users/User/.eide/tools/gcc_arm/bin/../lib/gcc/arm-none-eabi/14.3.1/../../../../arm-none-eabi/lib/thumb/v6-m/nofp\libc_nano.a(libc_a-makebuf.o)
                0x080011e8                __swhatbuf_r
 .text.__smakebuf_r
                0x0800123c       0x72 C:/Users/User/.eide/tools/gcc_arm/bin/../lib/gcc/arm-none-eabi/14.3.1/../../../../arm-none-eabi/lib/thumb/v6-m/nofp\libc_nano.a(libc_a-makebuf.o)
                0x0800123c                __smakebuf_r
 *fill*         0x080012ae        0x2 
 .text._fstat_r
                0x080012b0       0x24 C:/Users/User/.eide/tools/gcc_arm/bin/../lib/gcc/arm-none-eabi/14.3.1/../../../../arm-none-eabi/lib/thumb/v6-m/nofp\libc_nano.a(libc_a-fstatr.o)
                0x080012b0                _fstat_r
 .text._isatty_r
                0x080012d4       0x24 C:/Users/User/.eide/tools/gcc_arm/bin/../lib/gcc/arm-none-eabi/14.3.1/../../../../arm-none-eabi/lib/thumb/v6-m/nofp\libc_nano.a(libc_a-isattyr.o)
                0x080012d4                _isatty_r
 .text._sbrk_r  0x080012f8       0x24 C:/Users/User/.eide/tools/gcc_arm/bin/../lib/gcc/arm-none-eabi/14.3.1/../../../../arm-none-eabi/lib/thumb/v6-m/nofp\libc_nano.a(libc_a-sbrkr.o)
                0x080012f8                _sbrk_r
 .text.printf   0x0800131c       0x20 C:/Users/User/.eide/tools/gcc_arm/bin/../lib/gcc/arm-none-eabi/14.3.1/../../../../arm-none-eabi/lib/thumb/v6-m/nofp\libc_nano.a(libc_a-printf.o)
                0x0800131c                iprintf
                0x0800131c                printf
 .text.__sfputc_r
                0x0800133c       0x2a C:/Users/User/.eide/tools/gcc_arm/bin/../lib/gcc/arm-none-eabi/14.3.1/../../../../arm-none-eabi/lib/thumb/v6-m/nofp\libc_nano.a(libc_a-nano-vfprintf.o)
 .text.__sfputs_r
                0x08001366       0x24 C:/Users/User/.eide/tools/gcc_arm/bin/../lib/gcc/arm-none-eabi/14.3.1/../../../../arm-none-eabi/lib/thumb/v6-m/nofp\libc_nano.a(libc_a-nano-vfprintf.o)
                0x08001366                __sfputs_r
 *fill*         0x0800138a        0x2 
 .text._vfprintf_r
                0x0800138c      0x230 C:/Users/User/.eide/tools/gcc_arm/bin/../lib/gcc/arm-none-eabi/14.3.1/../../../../arm-none-eabi/lib/thumb/v6-m/nofp\libc_nano.a(libc_a-nano-vfprintf.o)
                0x0800138c                _vfprintf_r
                0x0800138c                _vfiprintf_r
 .text._printf_common
                0x080015bc       0xde C:/Users/User/.eide/tools/gcc_arm/bin/../lib/gcc/arm-none-eabi/14.3.1/../../../../arm-none-eabi/lib/thumb/v6-m/nofp\libc_nano.a(libc_a-nano-vfprintf_i.o)
                0x080015bc                _printf_common
 *fill*         0x0800169a        0x2 
 .text._printf_i
                0x0800169c      0x218 C:/Users/User/.eide/tools/gcc_arm/bin/../lib/gcc/arm-none-eabi/14.3.1/../../../../arm-none-eabi/lib/thumb/v6-m/nofp\libc_nano.a(libc_a-nano-vfprintf_i.o)
                0x0800169c                _printf_i
 .text.__swbuf_r
                0x080018b4       0x84 C:/Users/User/.eide/tools/gcc_arm/bin/../lib/gcc/arm-none-eabi/14.3.1/../../../../arm-none-eabi/lib/thumb/v6-m/nofp\libc_nano.a(libc_a-wbuf.o)
                0x080018b4                __swbuf_r
 .text.__swsetup_r
                0x08001938       0xb4 C:/Users/User/.eide/tools/gcc_arm/bin/../lib/gcc/arm-none-eabi/14.3.1/../../../../arm-none-eabi/lib/thumb/v6-m/nofp\libc_nano.a(libc_a-wsetup.o)
                0x08001938                __swsetup_r
 .text.memchr   0x080019ec       0x16 C:/Users/User/.eide/tools/gcc_arm/bin/../lib/gcc/arm-none-eabi/14.3.1/../../../../arm-none-eabi/lib/thumb/v6-m/nofp\libc_nano.a(libc_a-memchr-stub.o)
                0x080019ec                memchr
 *fill*         0x08001a02        0x2 
 .text._close   0x08001a04       0x10 C:/Users/User/.eide/tools/gcc_arm/bin/../lib/gcc/arm-none-eabi/14.3.1/../../../../arm-none-eabi/lib/thumb/v6-m/nofp\libnosys.a(close.o)
                0x08001a04                _close
 .text._fstat   0x08001a14       0x10 C:/Users/User/.eide/tools/gcc_arm/bin/../lib/gcc/arm-none-eabi/14.3.1/../../../../arm-none-eabi/lib/thumb/v6-m/nofp\libnosys.a(fstat.o)
                0x08001a14                _fstat
 .text._isatty  0x08001a24       0x10 C:/Users/User/.eide/tools/gcc_arm/bin/../lib/gcc/arm-none-eabi/14.3.1/../../../../arm-none-eabi/lib/thumb/v6-m/nofp\libnosys.a(isatty.o)
                0x08001a24                _isatty
 .text._lseek   0x08001a34       0x10 C:/Users/User/.eide/tools/gcc_arm/bin/../lib/gcc/arm-none-eabi/14.3.1/../../../../arm-none-eabi/lib/thumb/v6-m/nofp\libnosys.a(lseek.o)
                0x08001a34                _lseek
 .text._read    0x08001a44       0x10 C:/Users/User/.eide/tools/gcc_arm/bin/../lib/gcc/arm-none-eabi/14.3.1/../../../../arm-none-eabi/lib/thumb/v6-m/nofp\libnosys.a(read.o)
                0x08001a44                _read
 .text._sbrk    0x08001a54       0x1c C:/Users/User/.eide/tools/gcc_arm/bin/../lib/gcc/arm-none-eabi/14.3.1/../../../../arm-none-eabi/lib/thumb/v6-m/nofp\libnosys.a(sbrk.o)
                0x08001a54                _sbrk
 *(.glue_7)
 .glue_7        0x08001a70        0x0 linker stubs
 *(.glue_7t)
 .glue_7t       0x08001a70        0x0 linker stubs
 *(.eh_frame)
 .eh_frame      0x08001a70        0x0 C:/Users/User/.eide/tools/gcc_arm/bin/../lib/gcc/arm-none-eabi/14.3.1/thumb/v6-m/nofp/crtbegin.o
 *(.init)
 .init          0x08001a70        0x4 C:/Users/User/.eide/tools/gcc_arm/bin/../lib/gcc/arm-none-eabi/14.3.1/thumb/v6-m/nofp/crti.o
                0x08001a70                _init
 .init          0x08001a74        0x8 C:/Users/User/.eide/tools/gcc_arm/bin/../lib/gcc/arm-none-eabi/14.3.1/thumb/v6-m/nofp/crtn.o
 *(.fini)
 .fini          0x08001a7c        0x4 C:/Users/User/.eide/tools/gcc_arm/bin/../lib/gcc/arm-none-eabi/14.3.1/thumb/v6-m/nofp/crti.o
                0x08001a7c                _fini
 .fini          0x08001a80        0x8 C:/Users/User/.eide/tools/gcc_arm/bin/../lib/gcc/arm-none-eabi/14.3.1/thumb/v6-m/nofp/crtn.o
                0x08001a88                        . = ALIGN (0x4)
                0x08001a88                        _etext = .

.vfp11_veneer   0x08001a88        0x0
 .vfp11_veneer  0x08001a88        0x0 linker stubs

.v4_bx          0x08001a88        0x0
 .v4_bx         0x08001a88        0x0 linker stubs

.iplt           0x08001a88        0x0
 .iplt          0x08001a88        0x0 C:/Users/User/.eide/tools/gcc_arm/bin/../lib/gcc/arm-none-eabi/14.3.1/thumb/v6-m/nofp/crtbegin.o

.rodata         0x08001a88       0x84
                0x08001a88                        . = ALIGN (0x4)
 *(.rodata)
 *(.rodata*)
 .rodata.str1.1
                0x08001a88       0x83 C:\Users\User\AppData\Local\Temp\ccHFlGjO.ltrans0.ltrans.o
                                 0x50 (size before relaxing)
 .rodata._vfprintf_r.str1.1
                0x08001b0b       0x11 C:/Users/User/.eide/tools/gcc_arm/bin/../lib/gcc/arm-none-eabi/14.3.1/../../../../arm-none-eabi/lib/thumb/v6-m/nofp\libc_nano.a(libc_a-nano-vfprintf.o)
 .rodata._printf_i.str1.1
                0x08001b0b       0x22 C:/Users/User/.eide/tools/gcc_arm/bin/../lib/gcc/arm-none-eabi/14.3.1/../../../../arm-none-eabi/lib/thumb/v6-m/nofp\libc_nano.a(libc_a-nano-vfprintf_i.o)
                0x08001b30                        . = ALIGN (0x4)
 *fill*         0x08001b0b        0x1 

.rel.dyn        0x08001b0c        0x0
 .rel.iplt      0x08001b0c        0x0 C:/Users/User/.eide/tools/gcc_arm/bin/../lib/gcc/arm-none-eabi/14.3.1/thumb/v6-m/nofp/crtbegin.o

.ARM.extab
 *(.ARM.extab* .gnu.linkonce.armextab.*)

.ARM            0x08001b0c        0x0
                0x08001b0c                        __exidx_start = .
 *(.ARM.exidx*)
                0x08001b0c                        __exidx_end = .

.preinit_array  0x08001b0c        0x0
                0x08001b0c                        PROVIDE (__preinit_array_start = .)
 *(.preinit_array*)
                0x08001b0c                        PROVIDE (__preinit_array_end = .)

.init_array     0x08001b0c        0x4
                0x08001b0c                        PROVIDE (__init_array_start = .)
 *(SORT_BY_NAME(.init_array.*))
 *(.init_array*)
 .init_array    0x08001b0c        0x4 C:/Users/User/.eide/tools/gcc_arm/bin/../lib/gcc/arm-none-eabi/14.3.1/thumb/v6-m/nofp/crtbegin.o
                0x08001b10                        PROVIDE (__init_array_end = .)

.fini_array     0x08001b10        0x4
                [!provide]                        PROVIDE (__fini_array_start = .)
 *(SORT_BY_NAME(.fini_array.*))
 *(.fini_array*)
 .fini_array    0x08001b10        0x4 C:/Users/User/.eide/tools/gcc_arm/bin/../lib/gcc/arm-none-eabi/14.3.1/thumb/v6-m/nofp/crtbegin.o
                [!provide]                        PROVIDE (__fini_array_end = .)
                0x08001b14                        _sidata = LOADADDR (.data)

.data           0x20000000       0x64 load address 0x08001b14
                0x20000000                        . = ALIGN (0x4)
                0x20000000                        _sdata = .
 *(.data)
 .data          0x20000000        0x6 C:\Users\User\AppData\Local\Temp\ccHFlGjO.ltrans0.ltrans.o
 *(.data*)
 *fill*         0x20000006        0x2 
 .data.__sglue  0x20000008        0xc C:/Users/User/.eide/tools/gcc_arm/bin/../lib/gcc/arm-none-eabi/14.3.1/../../../../arm-none-eabi/lib/thumb/v6-m/nofp\libc_nano.a(libc_a-findfp.o)
                0x20000008                __sglue
 .data._impure_ptr
                0x20000014        0x4 C:/Users/User/.eide/tools/gcc_arm/bin/../lib/gcc/arm-none-eabi/14.3.1/../../../../arm-none-eabi/lib/thumb/v6-m/nofp\libc_nano.a(libc_a-impure.o)
                0x20000014                _impure_ptr
 .data._impure_data
                0x20000018       0x4c C:/Users/User/.eide/tools/gcc_arm/bin/../lib/gcc/arm-none-eabi/14.3.1/../../../../arm-none-eabi/lib/thumb/v6-m/nofp\libc_nano.a(libc_a-impure.o)
                0x20000018                _impure_data
                0x20000064                        . = ALIGN (0x4)
                0x20000064                        _edata = .

.tm_clone_table
                0x20000064        0x0 load address 0x08001b78
 .tm_clone_table
                0x20000064        0x0 C:/Users/User/.eide/tools/gcc_arm/bin/../lib/gcc/arm-none-eabi/14.3.1/thumb/v6-m/nofp/crtbegin.o
 .tm_clone_table
                0x20000064        0x0 C:/Users/User/.eide/tools/gcc_arm/bin/../lib/gcc/arm-none-eabi/14.3.1/thumb/v6-m/nofp/crtend.o

.igot.plt       0x20000064        0x0 load address 0x08001b78
 .igot.plt      0x20000064        0x0 C:/Users/User/.eide/tools/gcc_arm/bin/../lib/gcc/arm-none-eabi/14.3.1/thumb/v6-m/nofp/crtbegin.o
                0x20000064                        . = ALIGN (0x4)

.bss            0x20000064      0x174 load address 0x08001b78
                0x20000064                        _sbss = .
                0x20000064                        __bss_start__ = _sbss
 *(.bss)
 .bss           0x20000064        0x8 C:\Users\User\AppData\Local\Temp\ccHFlGjO.ltrans0.ltrans.o
 *(.bss*)
 .bss.completed.1
                0x2000006c        0x1 C:/Users/User/.eide/tools/gcc_arm/bin/../lib/gcc/arm-none-eabi/14.3.1/thumb/v6-m/nofp/crtbegin.o
 *fill*         0x2000006d        0x3 
 .bss.object.0  0x20000070       0x18 C:/Users/User/.eide/tools/gcc_arm/bin/../lib/gcc/arm-none-eabi/14.3.1/thumb/v6-m/nofp/crtbegin.o
 .bss.__sf      0x20000088      0x138 C:/Users/User/.eide/tools/gcc_arm/bin/../lib/gcc/arm-none-eabi/14.3.1/../../../../arm-none-eabi/lib/thumb/v6-m/nofp\libc_nano.a(libc_a-findfp.o)
                0x20000088                __sf
 .bss.__stdio_exit_handler
                0x200001c0        0x4 C:/Users/User/.eide/tools/gcc_arm/bin/../lib/gcc/arm-none-eabi/14.3.1/../../../../arm-none-eabi/lib/thumb/v6-m/nofp\libc_nano.a(libc_a-findfp.o)
                0x200001c0                __stdio_exit_handler
 .bss.errno     0x200001c4        0x4 C:/Users/User/.eide/tools/gcc_arm/bin/../lib/gcc/arm-none-eabi/14.3.1/../../../../arm-none-eabi/lib/thumb/v6-m/nofp\libc_nano.a(libc_a-reent.o)
                0x200001c4                errno
 .bss.__lock___malloc_recursive_mutex
                0x200001c8        0x1 C:/Users/User/.eide/tools/gcc_arm/bin/../lib/gcc/arm-none-eabi/14.3.1/../../../../arm-none-eabi/lib/thumb/v6-m/nofp\libc_nano.a(libc_a-lock.o)
                0x200001c8                __lock___malloc_recursive_mutex
 .bss.__lock___sfp_recursive_mutex
                0x200001c9        0x1 C:/Users/User/.eide/tools/gcc_arm/bin/../lib/gcc/arm-none-eabi/14.3.1/../../../../arm-none-eabi/lib/thumb/v6-m/nofp\libc_nano.a(libc_a-lock.o)
                0x200001c9                __lock___sfp_recursive_mutex
 *fill*         0x200001ca        0x2 
 .bss.__malloc_sbrk_start
                0x200001cc        0x4 C:/Users/User/.eide/tools/gcc_arm/bin/../lib/gcc/arm-none-eabi/14.3.1/../../../../arm-none-eabi/lib/thumb/v6-m/nofp\libc_nano.a(libc_a-mallocr.o)
                0x200001cc                __malloc_sbrk_start
 .bss.__malloc_free_list
                0x200001d0        0x4 C:/Users/User/.eide/tools/gcc_arm/bin/../lib/gcc/arm-none-eabi/14.3.1/../../../../arm-none-eabi/lib/thumb/v6-m/nofp\libc_nano.a(libc_a-mallocr.o)
                0x200001d0                __malloc_free_list
 .bss.heap_end.0
                0x200001d4        0x4 C:/Users/User/.eide/tools/gcc_arm/bin/../lib/gcc/arm-none-eabi/14.3.1/../../../../arm-none-eabi/lib/thumb/v6-m/nofp\libnosys.a(sbrk.o)
 *(COMMON)
                0x200001d8                        . = ALIGN (0x4)
                0x200001d8                        _ebss = .
                0x200001d8                        __bss_end__ = _ebss

._user_heap_stack
                0x200001d8      0x400 load address 0x08001b78
                0x200001d8                        . = ALIGN (0x8)
                0x200001d8                        PROVIDE (end = .)
                [!provide]                        PROVIDE (_end = .)
                0x200001d8                        . = (. + _Min_Heap_Size)
                0x200005d8                        . = (. + _Min_Stack_Size)
 *fill*         0x200001d8      0x400 
                0x200005d8                        . = ALIGN (0x8)

/DISCARD/
 libc.a(*)
 libm.a(*)
 libgcc.a(*)

.ARM.attributes
                0x00000000       0x28
 *(.ARM.attributes)
 .ARM.attributes
                0x00000000       0x1e C:/Users/User/.eide/tools/gcc_arm/bin/../lib/gcc/arm-none-eabi/14.3.1/thumb/v6-m/nofp/crti.o
 .ARM.attributes
                0x0000001e       0x2c C:/Users/User/.eide/tools/gcc_arm/bin/../lib/gcc/arm-none-eabi/14.3.1/thumb/v6-m/nofp/crtbegin.o
 .ARM.attributes
                0x0000004a       0x2a C:\Users\User\AppData\Local\Temp\ccHFlGjO.ltrans0.ltrans.o
 .ARM.attributes
                0x00000074       0x22 ./Release/.obj/__/System/startup_py32f002bxx.o
 .ARM.attributes
                0x00000096       0x2c C:/Users/User/.eide/tools/gcc_arm/bin/../lib/gcc/arm-none-eabi/14.3.1/../../../../arm-none-eabi/lib/thumb/v6-m/nofp\libc_nano.a(libc_a-findfp.o)
 .ARM.attributes
                0x000000c2       0x2c C:/Users/User/.eide/tools/gcc_arm/bin/../lib/gcc/arm-none-eabi/14.3.1/../../../../arm-none-eabi/lib/thumb/v6-m/nofp\libc_nano.a(libc_a-fwalk.o)
 .ARM.attributes
                0x000000ee       0x2c C:/Users/User/.eide/tools/gcc_arm/bin/../lib/gcc/arm-none-eabi/14.3.1/../../../../arm-none-eabi/lib/thumb/v6-m/nofp\libc_nano.a(libc_a-setvbuf.o)
 .ARM.attributes
                0x0000011a       0x2c C:/Users/User/.eide/tools/gcc_arm/bin/../lib/gcc/arm-none-eabi/14.3.1/../../../../arm-none-eabi/lib/thumb/v6-m/nofp\libc_nano.a(libc_a-stdio.o)
 .ARM.attributes
                0x00000146       0x2c C:/Users/User/.eide/tools/gcc_arm/bin/../lib/gcc/arm-none-eabi/14.3.1/../../../../arm-none-eabi/lib/thumb/v6-m/nofp\libc_nano.a(libc_a-memset.o)
 .ARM.attributes
                0x00000172       0x2c C:/Users/User/.eide/tools/gcc_arm/bin/../lib/gcc/arm-none-eabi/14.3.1/../../../../arm-none-eabi/lib/thumb/v6-m/nofp\libc_nano.a(libc_a-closer.o)
 .ARM.attributes
                0x0000019e       0x2c C:/Users/User/.eide/tools/gcc_arm/bin/../lib/gcc/arm-none-eabi/14.3.1/../../../../arm-none-eabi/lib/thumb/v6-m/nofp\libc_nano.a(libc_a-reent.o)
 .ARM.attributes
                0x000001ca       0x2c C:/Users/User/.eide/tools/gcc_arm/bin/../lib/gcc/arm-none-eabi/14.3.1/../../../../arm-none-eabi/lib/thumb/v6-m/nofp\libc_nano.a(libc_a-impure.o)
 .ARM.attributes
                0x000001f6       0x2c C:/Users/User/.eide/tools/gcc_arm/bin/../lib/gcc/arm-none-eabi/14.3.1/../../../../arm-none-eabi/lib/thumb/v6-m/nofp\libc_nano.a(libc_a-lseekr.o)
 .ARM.attributes
                0x00000222       0x2c C:/Users/User/.eide/tools/gcc_arm/bin/../lib/gcc/arm-none-eabi/14.3.1/../../../../arm-none-eabi/lib/thumb/v6-m/nofp\libc_nano.a(libc_a-readr.o)
 .ARM.attributes
                0x0000024e       0x2c C:/Users/User/.eide/tools/gcc_arm/bin/../lib/gcc/arm-none-eabi/14.3.1/../../../../arm-none-eabi/lib/thumb/v6-m/nofp\libc_nano.a(libc_a-writer.o)
 .ARM.attributes
                0x0000027a       0x2c C:/Users/User/.eide/tools/gcc_arm/bin/../lib/gcc/arm-none-eabi/14.3.1/../../../../arm-none-eabi/lib/thumb/v6-m/nofp\libc_nano.a(libc_a-init.o)
 .ARM.attributes
                0x000002a6       0x2c C:/Users/User/.eide/tools/gcc_arm/bin/../lib/gcc/arm-none-eabi/14.3.1/../../../../arm-none-eabi/lib/thumb/v6-m/nofp\libc_nano.a(libc_a-lock.o)
 .ARM.attributes
                0x000002d2       0x2c C:/Users/User/.eide/tools/gcc_arm/bin/../lib/gcc/arm-none-eabi/14.3.1/../../../../arm-none-eabi/lib/thumb/v6-m/nofp\libc_nano.a(libc_a-freer.o)
 .ARM.attributes
                0x000002fe       0x2c C:/Users/User/.eide/tools/gcc_arm/bin/../lib/gcc/arm-none-eabi/14.3.1/../../../../arm-none-eabi/lib/thumb/v6-m/nofp\libc_nano.a(libc_a-malloc.o)
 .ARM.attributes
                0x0000032a       0x2c C:/Users/User/.eide/tools/gcc_arm/bin/../lib/gcc/arm-none-eabi/14.3.1/../../../../arm-none-eabi/lib/thumb/v6-m/nofp\libc_nano.a(libc_a-mallocr.o)
 .ARM.attributes
                0x00000356       0x2c C:/Users/User/.eide/tools/gcc_arm/bin/../lib/gcc/arm-none-eabi/14.3.1/../../../../arm-none-eabi/lib/thumb/v6-m/nofp\libc_nano.a(libc_a-mlock.o)
 .ARM.attributes
                0x00000382       0x2c C:/Users/User/.eide/tools/gcc_arm/bin/../lib/gcc/arm-none-eabi/14.3.1/../../../../arm-none-eabi/lib/thumb/v6-m/nofp\libc_nano.a(libc_a-fflush.o)
 .ARM.attributes
                0x000003ae       0x2c C:/Users/User/.eide/tools/gcc_arm/bin/../lib/gcc/arm-none-eabi/14.3.1/../../../../arm-none-eabi/lib/thumb/v6-m/nofp\libc_nano.a(libc_a-makebuf.o)
 .ARM.attributes
                0x000003da       0x2c C:/Users/User/.eide/tools/gcc_arm/bin/../lib/gcc/arm-none-eabi/14.3.1/../../../../arm-none-eabi/lib/thumb/v6-m/nofp\libc_nano.a(libc_a-fstatr.o)
 .ARM.attributes
                0x00000406       0x2c C:/Users/User/.eide/tools/gcc_arm/bin/../lib/gcc/arm-none-eabi/14.3.1/../../../../arm-none-eabi/lib/thumb/v6-m/nofp\libc_nano.a(libc_a-isattyr.o)
 .ARM.attributes
                0x00000432       0x2c C:/Users/User/.eide/tools/gcc_arm/bin/../lib/gcc/arm-none-eabi/14.3.1/../../../../arm-none-eabi/lib/thumb/v6-m/nofp\libc_nano.a(libc_a-sbrkr.o)
 .ARM.attributes
                0x0000045e       0x2c C:/Users/User/.eide/tools/gcc_arm/bin/../lib/gcc/arm-none-eabi/14.3.1/../../../../arm-none-eabi/lib/thumb/v6-m/nofp\libc_nano.a(libc_a-printf.o)
 .ARM.attributes
                0x0000048a       0x2c C:/Users/User/.eide/tools/gcc_arm/bin/../lib/gcc/arm-none-eabi/14.3.1/../../../../arm-none-eabi/lib/thumb/v6-m/nofp\libc_nano.a(libc_a-nano-vfprintf.o)
 .ARM.attributes
                0x000004b6       0x2c C:/Users/User/.eide/tools/gcc_arm/bin/../lib/gcc/arm-none-eabi/14.3.1/../../../../arm-none-eabi/lib/thumb/v6-m/nofp\libc_nano.a(libc_a-nano-vfprintf_i.o)
 .ARM.attributes
                0x000004e2       0x2c C:/Users/User/.eide/tools/gcc_arm/bin/../lib/gcc/arm-none-eabi/14.3.1/../../../../arm-none-eabi/lib/thumb/v6-m/nofp\libc_nano.a(libc_a-wbuf.o)
 .ARM.attributes
                0x0000050e       0x2c C:/Users/User/.eide/tools/gcc_arm/bin/../lib/gcc/arm-none-eabi/14.3.1/../../../../arm-none-eabi/lib/thumb/v6-m/nofp\libc_nano.a(libc_a-wsetup.o)
 .ARM.attributes
                0x0000053a       0x2c C:/Users/User/.eide/tools/gcc_arm/bin/../lib/gcc/arm-none-eabi/14.3.1/../../../../arm-none-eabi/lib/thumb/v6-m/nofp\libc_nano.a(libc_a-memchr-stub.o)
 .ARM.attributes
                0x00000566       0x2c C:/Users/User/.eide/tools/gcc_arm/bin/../lib/gcc/arm-none-eabi/14.3.1/../../../../arm-none-eabi/lib/thumb/v6-m/nofp\libnosys.a(close.o)
 .ARM.attributes
                0x00000592       0x2c C:/Users/User/.eide/tools/gcc_arm/bin/../lib/gcc/arm-none-eabi/14.3.1/../../../../arm-none-eabi/lib/thumb/v6-m/nofp\libnosys.a(fstat.o)
 .ARM.attributes
                0x000005be       0x2c C:/Users/User/.eide/tools/gcc_arm/bin/../lib/gcc/arm-none-eabi/14.3.1/../../../../arm-none-eabi/lib/thumb/v6-m/nofp\libnosys.a(isatty.o)
 .ARM.attributes
                0x000005ea       0x2c C:/Users/User/.eide/tools/gcc_arm/bin/../lib/gcc/arm-none-eabi/14.3.1/../../../../arm-none-eabi/lib/thumb/v6-m/nofp\libnosys.a(lseek.o)
 .ARM.attributes
                0x00000616       0x2c C:/Users/User/.eide/tools/gcc_arm/bin/../lib/gcc/arm-none-eabi/14.3.1/../../../../arm-none-eabi/lib/thumb/v6-m/nofp\libnosys.a(read.o)
 .ARM.attributes
                0x00000642       0x2c C:/Users/User/.eide/tools/gcc_arm/bin/../lib/gcc/arm-none-eabi/14.3.1/../../../../arm-none-eabi/lib/thumb/v6-m/nofp\libnosys.a(sbrk.o)
 .ARM.attributes
                0x0000066e       0x1e C:/Users/User/.eide/tools/gcc_arm/bin/../lib/gcc/arm-none-eabi/14.3.1/thumb/v6-m/nofp\libgcc.a(_udivsi3.o)
 .ARM.attributes
                0x0000068c       0x1e C:/Users/User/.eide/tools/gcc_arm/bin/../lib/gcc/arm-none-eabi/14.3.1/thumb/v6-m/nofp\libgcc.a(_divsi3.o)
 .ARM.attributes
                0x000006aa       0x1e C:/Users/User/.eide/tools/gcc_arm/bin/../lib/gcc/arm-none-eabi/14.3.1/thumb/v6-m/nofp\libgcc.a(_dvmd_tls.o)
 .ARM.attributes
                0x000006c8       0x1e C:/Users/User/.eide/tools/gcc_arm/bin/../lib/gcc/arm-none-eabi/14.3.1/thumb/v6-m/nofp\libgcc.a(_thumb1_case_shi.o)
 .ARM.attributes
                0x000006e6       0x2c C:/Users/User/.eide/tools/gcc_arm/bin/../lib/gcc/arm-none-eabi/14.3.1/thumb/v6-m/nofp/crtend.o
 .ARM.attributes
                0x00000712       0x1e C:/Users/User/.eide/tools/gcc_arm/bin/../lib/gcc/arm-none-eabi/14.3.1/thumb/v6-m/nofp/crtn.o
OUTPUT(./Release/Test_Vcc.elf elf32-littlearm)
LOAD linker stubs
LOAD C:/Users/User/.eide/tools/gcc_arm/bin/../lib/gcc/arm-none-eabi/14.3.1/../../../../arm-none-eabi/lib/thumb/v6-m/nofp\libc.a
LOAD C:/Users/User/.eide/tools/gcc_arm/bin/../lib/gcc/arm-none-eabi/14.3.1/../../../../arm-none-eabi/lib/thumb/v6-m/nofp\libm.a
LOAD C:/Users/User/.eide/tools/gcc_arm/bin/../lib/gcc/arm-none-eabi/14.3.1/thumb/v6-m/nofp\libgcc.a

.debug_info     0x00000000     0x3931
 .debug_info    0x00000000     0x1216 C:\Users\User\AppData\Local\Temp\ccHFlGjO.ltrans0.ltrans.o
 .debug_info    0x00001216      0x368 C:\Users\User\AppData\Local\Temp\ccVthXI9.debug.temp.o
                0x00001216                py32f002b_ll_utils.c.d2e671d9
 .debug_info    0x0000157e     0x1386 C:\Users\User\AppData\Local\Temp\ccqu7pUQ.debug.temp.o
                0x0000157e                py32f002bxx_ll_Start_Kit.c.8d9b2881
 .debug_info    0x00002904      0xb74 C:\Users\User\AppData\Local\Temp\ccLnGOhx.debug.temp.o
                0x00002904                main.c.327d342c
 .debug_info    0x00003478      0x10f C:\Users\User\AppData\Local\Temp\ccoK1MJd.debug.temp.o
                0x00003478                py32f002b_it.c.5494c732
 .debug_info    0x00003587      0x37a C:\Users\User\AppData\Local\Temp\cc16mLbU.debug.temp.o
                0x00003587                system_py32f002b.c.9c9421e1
 .debug_info    0x00003901       0x30 ./Release/.obj/__/System/startup_py32f002bxx.o

.debug_abbrev   0x00000000      0xa5f
 .debug_abbrev  0x00000000      0x1a1 C:\Users\User\AppData\Local\Temp\ccHFlGjO.ltrans0.ltrans.o
 .debug_abbrev  0x000001a1      0x1ca C:\Users\User\AppData\Local\Temp\ccVthXI9.debug.temp.o
 .debug_abbrev  0x0000036b      0x2f4 C:\Users\User\AppData\Local\Temp\ccqu7pUQ.debug.temp.o
 .debug_abbrev  0x0000065f      0x24e C:\Users\User\AppData\Local\Temp\ccLnGOhx.debug.temp.o
 .debug_abbrev  0x000008ad       0x74 C:\Users\User\AppData\Local\Temp\ccoK1MJd.debug.temp.o
 .debug_abbrev  0x00000921      0x11a C:\Users\User\AppData\Local\Temp\cc16mLbU.debug.temp.o
 .debug_abbrev  0x00000a3b       0x24 ./Release/.obj/__/System/startup_py32f002bxx.o

.debug_loclists
                0x00000000      0x911
 .debug_loclists
                0x00000000      0x911 C:\Users\User\AppData\Local\Temp\ccHFlGjO.ltrans0.ltrans.o

.debug_aranges  0x00000000       0x50
 .debug_aranges
                0x00000000       0x28 C:\Users\User\AppData\Local\Temp\ccHFlGjO.ltrans0.ltrans.o
 .debug_aranges
                0x00000028       0x28 ./Release/.obj/__/System/startup_py32f002bxx.o

.debug_rnglists
                0x00000000      0x2f0
 .debug_rnglists
                0x00000000      0x2d7 C:\Users\User\AppData\Local\Temp\ccHFlGjO.ltrans0.ltrans.o
 .debug_rnglists
                0x000002d7       0x19 ./Release/.obj/__/System/startup_py32f002bxx.o

.debug_line     0x00000000      0xf3b
 .debug_line    0x00000000      0xc58 C:\Users\User\AppData\Local\Temp\ccHFlGjO.ltrans0.ltrans.o
 .debug_line    0x00000c58       0x76 C:\Users\User\AppData\Local\Temp\ccVthXI9.debug.temp.o
 .debug_line    0x00000cce       0xab C:\Users\User\AppData\Local\Temp\ccqu7pUQ.debug.temp.o
 .debug_line    0x00000d79       0x8e C:\Users\User\AppData\Local\Temp\ccLnGOhx.debug.temp.o
 .debug_line    0x00000e07       0x55 C:\Users\User\AppData\Local\Temp\ccoK1MJd.debug.temp.o
 .debug_line    0x00000e5c       0x63 C:\Users\User\AppData\Local\Temp\cc16mLbU.debug.temp.o
 .debug_line    0x00000ebf       0x7c ./Release/.obj/__/System/startup_py32f002bxx.o

.debug_str      0x00000000     0x13fc
 .debug_str     0x00000000      0x147 C:\Users\User\AppData\Local\Temp\ccHFlGjO.ltrans0.ltrans.o
 .debug_str     0x00000000      0x344 C:\Users\User\AppData\Local\Temp\ccVthXI9.debug.temp.o
 .debug_str     0x00000000      0xbb3 C:\Users\User\AppData\Local\Temp\ccqu7pUQ.debug.temp.o
 .debug_str     0x00000000      0x97d C:\Users\User\AppData\Local\Temp\ccLnGOhx.debug.temp.o
 .debug_str     0x00000000      0x20d C:\Users\User\AppData\Local\Temp\ccoK1MJd.debug.temp.o
 .debug_str     0x00000000      0x2cc C:\Users\User\AppData\Local\Temp\cc16mLbU.debug.temp.o
 .debug_str     0x00000000     0x13fc ./Release/.obj/__/System/startup_py32f002bxx.o
                                 0x68 (size before relaxing)

.comment        0x00000000       0x46
 .comment       0x00000000       0x46 C:\Users\User\AppData\Local\Temp\ccHFlGjO.ltrans0.ltrans.o
                                 0x47 (size before relaxing)

.debug_frame    0x00000000      0x9fc
 .debug_frame   0x00000000       0xec C:\Users\User\AppData\Local\Temp\ccHFlGjO.ltrans0.ltrans.o
 .debug_frame   0x000000ec      0x138 C:/Users/User/.eide/tools/gcc_arm/bin/../lib/gcc/arm-none-eabi/14.3.1/../../../../arm-none-eabi/lib/thumb/v6-m/nofp\libc_nano.a(libc_a-findfp.o)
 .debug_frame   0x00000224       0x34 C:/Users/User/.eide/tools/gcc_arm/bin/../lib/gcc/arm-none-eabi/14.3.1/../../../../arm-none-eabi/lib/thumb/v6-m/nofp\libc_nano.a(libc_a-fwalk.o)
 .debug_frame   0x00000258       0x30 C:/Users/User/.eide/tools/gcc_arm/bin/../lib/gcc/arm-none-eabi/14.3.1/../../../../arm-none-eabi/lib/thumb/v6-m/nofp\libc_nano.a(libc_a-setvbuf.o)
 .debug_frame   0x00000288       0x90 C:/Users/User/.eide/tools/gcc_arm/bin/../lib/gcc/arm-none-eabi/14.3.1/../../../../arm-none-eabi/lib/thumb/v6-m/nofp\libc_nano.a(libc_a-stdio.o)
 .debug_frame   0x00000318       0x20 C:/Users/User/.eide/tools/gcc_arm/bin/../lib/gcc/arm-none-eabi/14.3.1/../../../../arm-none-eabi/lib/thumb/v6-m/nofp\libc_nano.a(libc_a-memset.o)
 .debug_frame   0x00000338       0x2c C:/Users/User/.eide/tools/gcc_arm/bin/../lib/gcc/arm-none-eabi/14.3.1/../../../../arm-none-eabi/lib/thumb/v6-m/nofp\libc_nano.a(libc_a-closer.o)
 .debug_frame   0x00000364       0x2c C:/Users/User/.eide/tools/gcc_arm/bin/../lib/gcc/arm-none-eabi/14.3.1/../../../../arm-none-eabi/lib/thumb/v6-m/nofp\libc_nano.a(libc_a-reent.o)
 .debug_frame   0x00000390       0x2c C:/Users/User/.eide/tools/gcc_arm/bin/../lib/gcc/arm-none-eabi/14.3.1/../../../../arm-none-eabi/lib/thumb/v6-m/nofp\libc_nano.a(libc_a-lseekr.o)
 .debug_frame   0x000003bc       0x2c C:/Users/User/.eide/tools/gcc_arm/bin/../lib/gcc/arm-none-eabi/14.3.1/../../../../arm-none-eabi/lib/thumb/v6-m/nofp\libc_nano.a(libc_a-readr.o)
 .debug_frame   0x000003e8       0x2c C:/Users/User/.eide/tools/gcc_arm/bin/../lib/gcc/arm-none-eabi/14.3.1/../../../../arm-none-eabi/lib/thumb/v6-m/nofp\libc_nano.a(libc_a-writer.o)
 .debug_frame   0x00000414       0x2c C:/Users/User/.eide/tools/gcc_arm/bin/../lib/gcc/arm-none-eabi/14.3.1/../../../../arm-none-eabi/lib/thumb/v6-m/nofp\libc_nano.a(libc_a-init.o)
 .debug_frame   0x00000440       0xb0 C:/Users/User/.eide/tools/gcc_arm/bin/../lib/gcc/arm-none-eabi/14.3.1/../../../../arm-none-eabi/lib/thumb/v6-m/nofp\libc_nano.a(libc_a-lock.o)
 .debug_frame   0x000004f0       0x2c C:/Users/User/.eide/tools/gcc_arm/bin/../lib/gcc/arm-none-eabi/14.3.1/../../../../arm-none-eabi/lib/thumb/v6-m/nofp\libc_nano.a(libc_a-freer.o)
 .debug_frame   0x0000051c       0x40 C:/Users/User/.eide/tools/gcc_arm/bin/../lib/gcc/arm-none-eabi/14.3.1/../../../../arm-none-eabi/lib/thumb/v6-m/nofp\libc_nano.a(libc_a-malloc.o)
 .debug_frame   0x0000055c       0x50 C:/Users/User/.eide/tools/gcc_arm/bin/../lib/gcc/arm-none-eabi/14.3.1/../../../../arm-none-eabi/lib/thumb/v6-m/nofp\libc_nano.a(libc_a-mallocr.o)
 .debug_frame   0x000005ac       0x40 C:/Users/User/.eide/tools/gcc_arm/bin/../lib/gcc/arm-none-eabi/14.3.1/../../../../arm-none-eabi/lib/thumb/v6-m/nofp\libc_nano.a(libc_a-mlock.o)
 .debug_frame   0x000005ec       0x68 C:/Users/User/.eide/tools/gcc_arm/bin/../lib/gcc/arm-none-eabi/14.3.1/../../../../arm-none-eabi/lib/thumb/v6-m/nofp\libc_nano.a(libc_a-fflush.o)
 .debug_frame   0x00000654       0x54 C:/Users/User/.eide/tools/gcc_arm/bin/../lib/gcc/arm-none-eabi/14.3.1/../../../../arm-none-eabi/lib/thumb/v6-m/nofp\libc_nano.a(libc_a-makebuf.o)
 .debug_frame   0x000006a8       0x2c C:/Users/User/.eide/tools/gcc_arm/bin/../lib/gcc/arm-none-eabi/14.3.1/../../../../arm-none-eabi/lib/thumb/v6-m/nofp\libc_nano.a(libc_a-fstatr.o)
 .debug_frame   0x000006d4       0x2c C:/Users/User/.eide/tools/gcc_arm/bin/../lib/gcc/arm-none-eabi/14.3.1/../../../../arm-none-eabi/lib/thumb/v6-m/nofp\libc_nano.a(libc_a-isattyr.o)
 .debug_frame   0x00000700       0x2c C:/Users/User/.eide/tools/gcc_arm/bin/../lib/gcc/arm-none-eabi/14.3.1/../../../../arm-none-eabi/lib/thumb/v6-m/nofp\libc_nano.a(libc_a-sbrkr.o)
 .debug_frame   0x0000072c       0x4c C:/Users/User/.eide/tools/gcc_arm/bin/../lib/gcc/arm-none-eabi/14.3.1/../../../../arm-none-eabi/lib/thumb/v6-m/nofp\libc_nano.a(libc_a-printf.o)
 .debug_frame   0x00000778       0x9c C:/Users/User/.eide/tools/gcc_arm/bin/../lib/gcc/arm-none-eabi/14.3.1/../../../../arm-none-eabi/lib/thumb/v6-m/nofp\libc_nano.a(libc_a-nano-vfprintf.o)
 .debug_frame   0x00000814       0x54 C:/Users/User/.eide/tools/gcc_arm/bin/../lib/gcc/arm-none-eabi/14.3.1/../../../../arm-none-eabi/lib/thumb/v6-m/nofp\libc_nano.a(libc_a-nano-vfprintf_i.o)
 .debug_frame   0x00000868       0x48 C:/Users/User/.eide/tools/gcc_arm/bin/../lib/gcc/arm-none-eabi/14.3.1/../../../../arm-none-eabi/lib/thumb/v6-m/nofp\libc_nano.a(libc_a-wbuf.o)
 .debug_frame   0x000008b0       0x2c C:/Users/User/.eide/tools/gcc_arm/bin/../lib/gcc/arm-none-eabi/14.3.1/../../../../arm-none-eabi/lib/thumb/v6-m/nofp\libc_nano.a(libc_a-wsetup.o)
 .debug_frame   0x000008dc       0x20 C:/Users/User/.eide/tools/gcc_arm/bin/../lib/gcc/arm-none-eabi/14.3.1/../../../../arm-none-eabi/lib/thumb/v6-m/nofp\libc_nano.a(libc_a-memchr-stub.o)
 .debug_frame   0x000008fc       0x20 C:/Users/User/.eide/tools/gcc_arm/bin/../lib/gcc/arm-none-eabi/14.3.1/../../../../arm-none-eabi/lib/thumb/v6-m/nofp\libnosys.a(close.o)
 .debug_frame   0x0000091c       0x20 C:/Users/User/.eide/tools/gcc_arm/bin/../lib/gcc/arm-none-eabi/14.3.1/../../../../arm-none-eabi/lib/thumb/v6-m/nofp\libnosys.a(fstat.o)
 .debug_frame   0x0000093c       0x20 C:/Users/User/.eide/tools/gcc_arm/bin/../lib/gcc/arm-none-eabi/14.3.1/../../../../arm-none-eabi/lib/thumb/v6-m/nofp\libnosys.a(isatty.o)
 .debug_frame   0x0000095c       0x20 C:/Users/User/.eide/tools/gcc_arm/bin/../lib/gcc/arm-none-eabi/14.3.1/../../../../arm-none-eabi/lib/thumb/v6-m/nofp\libnosys.a(lseek.o)
 .debug_frame   0x0000097c       0x20 C:/Users/User/.eide/tools/gcc_arm/bin/../lib/gcc/arm-none-eabi/14.3.1/../../../../arm-none-eabi/lib/thumb/v6-m/nofp\libnosys.a(read.o)
 .debug_frame   0x0000099c       0x20 C:/Users/User/.eide/tools/gcc_arm/bin/../lib/gcc/arm-none-eabi/14.3.1/../../../../arm-none-eabi/lib/thumb/v6-m/nofp\libnosys.a(sbrk.o)
 .debug_frame   0x000009bc       0x20 C:/Users/User/.eide/tools/gcc_arm/bin/../lib/gcc/arm-none-eabi/14.3.1/thumb/v6-m/nofp\libgcc.a(_udivsi3.o)
 .debug_frame   0x000009dc       0x20 C:/Users/User/.eide/tools/gcc_arm/bin/../lib/gcc/arm-none-eabi/14.3.1/thumb/v6-m/nofp\libgcc.a(_divsi3.o)

.debug_line_str
                0x00000000      0x4b5
 .debug_line_str
                0x00000000      0x21e C:\Users\User\AppData\Local\Temp\ccVthXI9.debug.temp.o
 .debug_line_str
                0x00000000      0x2d8 C:\Users\User\AppData\Local\Temp\ccqu7pUQ.debug.temp.o
 .debug_line_str
                0x00000000      0x22f C:\Users\User\AppData\Local\Temp\ccLnGOhx.debug.temp.o
 .debug_line_str
                0x00000000      0x12c C:\Users\User\AppData\Local\Temp\ccoK1MJd.debug.temp.o
 .debug_line_str
                0x00000000      0x17a C:\Users\User\AppData\Local\Temp\cc16mLbU.debug.temp.o
 .debug_line_str
                0x00000000      0x4b5 ./Release/.obj/__/System/startup_py32f002bxx.o
                                 0x4c (size before relaxing)
 .debug_line_str
                0x000004b5       0xcd C:/Users/User/.eide/tools/gcc_arm/bin/../lib/gcc/arm-none-eabi/14.3.1/thumb/v6-m/nofp\libgcc.a(_udivsi3.o)
 .debug_line_str
                0x000004b5       0xcd C:/Users/User/.eide/tools/gcc_arm/bin/../lib/gcc/arm-none-eabi/14.3.1/thumb/v6-m/nofp\libgcc.a(_divsi3.o)
 .debug_line_str
                0x000004b5       0xcd C:/Users/User/.eide/tools/gcc_arm/bin/../lib/gcc/arm-none-eabi/14.3.1/thumb/v6-m/nofp\libgcc.a(_dvmd_tls.o)
 .debug_line_str
                0x000004b5       0xcd C:/Users/User/.eide/tools/gcc_arm/bin/../lib/gcc/arm-none-eabi/14.3.1/thumb/v6-m/nofp\libgcc.a(_thumb1_case_shi.o)
